rfc3339-strict	Set up job	ï»¿2025-11-08T18:42:30.9874768Z Current runner version: '2.329.0'
rfc3339-strict	Set up job	2025-11-08T18:42:30.9899209Z ##[group]Runner Image Provisioner
rfc3339-strict	Set up job	2025-11-08T18:42:30.9900084Z Hosted Compute Agent
rfc3339-strict	Set up job	2025-11-08T18:42:30.9900643Z Version: 20251016.436
rfc3339-strict	Set up job	2025-11-08T18:42:30.9901225Z Commit: 8ab8ac8bfd662a3739dab9fe09456aba92132568
rfc3339-strict	Set up job	2025-11-08T18:42:30.9901978Z Build Date: 2025-10-15T20:44:12Z
rfc3339-strict	Set up job	2025-11-08T18:42:30.9902564Z ##[endgroup]
rfc3339-strict	Set up job	2025-11-08T18:42:30.9903085Z ##[group]Operating System
rfc3339-strict	Set up job	2025-11-08T18:42:30.9903692Z Ubuntu
rfc3339-strict	Set up job	2025-11-08T18:42:30.9904141Z 24.04.3
rfc3339-strict	Set up job	2025-11-08T18:42:30.9904604Z LTS
rfc3339-strict	Set up job	2025-11-08T18:42:30.9905214Z ##[endgroup]
rfc3339-strict	Set up job	2025-11-08T18:42:30.9905747Z ##[group]Runner Image
rfc3339-strict	Set up job	2025-11-08T18:42:30.9906288Z Image: ubuntu-24.04
rfc3339-strict	Set up job	2025-11-08T18:42:30.9906850Z Version: 20251102.99.1
rfc3339-strict	Set up job	2025-11-08T18:42:30.9907869Z Included Software: https://github.com/actions/runner-images/blob/ubuntu24/20251102.99/images/ubuntu/Ubuntu2404-Readme.md
rfc3339-strict	Set up job	2025-11-08T18:42:30.9909182Z Image Release: https://github.com/actions/runner-images/releases/tag/ubuntu24%2F20251102.99
rfc3339-strict	Set up job	2025-11-08T18:42:30.9910367Z ##[endgroup]
rfc3339-strict	Set up job	2025-11-08T18:42:30.9911422Z ##[group]GITHUB_TOKEN Permissions
rfc3339-strict	Set up job	2025-11-08T18:42:30.9913536Z Contents: read
rfc3339-strict	Set up job	2025-11-08T18:42:30.9914102Z Metadata: read
rfc3339-strict	Set up job	2025-11-08T18:42:30.9914548Z Packages: read
rfc3339-strict	Set up job	2025-11-08T18:42:30.9915296Z ##[endgroup]
rfc3339-strict	Set up job	2025-11-08T18:42:30.9918008Z Secret source: Actions
rfc3339-strict	Set up job	2025-11-08T18:42:30.9919245Z Prepare workflow directory
rfc3339-strict	Set up job	2025-11-08T18:42:31.0253734Z Prepare all required actions
rfc3339-strict	Set up job	2025-11-08T18:42:31.0291851Z Getting action download info
rfc3339-strict	Set up job	2025-11-08T18:42:31.3284839Z Download action repository 'actions/checkout@v4' (SHA:08eba0b27e820071cde6df949e0beb9ba4906955)
rfc3339-strict	Set up job	2025-11-08T18:42:31.6417194Z Download action repository 'actions/setup-python@v5' (SHA:a26af69be951a213d495a4c3e4e4022e16d87065)
rfc3339-strict	Set up job	2025-11-08T18:42:31.8318928Z Complete job name: rfc3339-strict
rfc3339-strict	Run actions/checkout@v4	ï»¿2025-11-08T18:42:31.8981054Z ##[group]Run actions/checkout@v4
rfc3339-strict	Run actions/checkout@v4	2025-11-08T18:42:31.8981889Z with:
rfc3339-strict	Run actions/checkout@v4	2025-11-08T18:42:31.8982300Z   repository: iog-creator/Gemantria
rfc3339-strict	Run actions/checkout@v4	2025-11-08T18:42:31.8982936Z   token: ***
rfc3339-strict	Run actions/checkout@v4	2025-11-08T18:42:31.8983335Z   ssh-strict: true
rfc3339-strict	Run actions/checkout@v4	2025-11-08T18:42:31.8983717Z   ssh-user: git
rfc3339-strict	Run actions/checkout@v4	2025-11-08T18:42:31.8984111Z   persist-credentials: true
rfc3339-strict	Run actions/checkout@v4	2025-11-08T18:42:31.8984551Z   clean: true
rfc3339-strict	Run actions/checkout@v4	2025-11-08T18:42:31.8984955Z   sparse-checkout-cone-mode: true
rfc3339-strict	Run actions/checkout@v4	2025-11-08T18:42:31.8985597Z   fetch-depth: 1
rfc3339-strict	Run actions/checkout@v4	2025-11-08T18:42:31.8985984Z   fetch-tags: false
rfc3339-strict	Run actions/checkout@v4	2025-11-08T18:42:31.8986385Z   show-progress: true
rfc3339-strict	Run actions/checkout@v4	2025-11-08T18:42:31.8986817Z   lfs: false
rfc3339-strict	Run actions/checkout@v4	2025-11-08T18:42:31.8987182Z   submodules: false
rfc3339-strict	Run actions/checkout@v4	2025-11-08T18:42:31.8987590Z   set-safe-directory: true
rfc3339-strict	Run actions/checkout@v4	2025-11-08T18:42:31.8988257Z ##[endgroup]
rfc3339-strict	Run actions/checkout@v4	2025-11-08T18:42:32.0096946Z Syncing repository: iog-creator/Gemantria
rfc3339-strict	Run actions/checkout@v4	2025-11-08T18:42:32.0098753Z ##[group]Getting Git version info
rfc3339-strict	Run actions/checkout@v4	2025-11-08T18:42:32.0099469Z Working directory is '/home/runner/work/Gemantria/Gemantria'
rfc3339-strict	Run actions/checkout@v4	2025-11-08T18:42:32.0100392Z [command]/usr/bin/git version
rfc3339-strict	Run actions/checkout@v4	2025-11-08T18:42:32.0885509Z git version 2.51.2
rfc3339-strict	Run actions/checkout@v4	2025-11-08T18:42:32.0913127Z ##[endgroup]
rfc3339-strict	Run actions/checkout@v4	2025-11-08T18:42:32.0929735Z Temporarily overriding HOME='/home/runner/work/_temp/f4efce6a-9416-48dc-a3e1-0fb488c0c2d6' before making global git config changes
rfc3339-strict	Run actions/checkout@v4	2025-11-08T18:42:32.0932130Z Adding repository directory to the temporary git global config as a safe directory
rfc3339-strict	Run actions/checkout@v4	2025-11-08T18:42:32.0943956Z [command]/usr/bin/git config --global --add safe.directory /home/runner/work/Gemantria/Gemantria
rfc3339-strict	Run actions/checkout@v4	2025-11-08T18:42:32.1016750Z Deleting the contents of '/home/runner/work/Gemantria/Gemantria'
rfc3339-strict	Run actions/checkout@v4	2025-11-08T18:42:32.1020694Z ##[group]Initializing the repository
rfc3339-strict	Run actions/checkout@v4	2025-11-08T18:42:32.1025519Z [command]/usr/bin/git init /home/runner/work/Gemantria/Gemantria
rfc3339-strict	Run actions/checkout@v4	2025-11-08T18:42:32.1488738Z hint: Using 'master' as the name for the initial branch. This default branch name
rfc3339-strict	Run actions/checkout@v4	2025-11-08T18:42:32.1490494Z hint: is subject to change. To configure the initial branch name to use in all
rfc3339-strict	Run actions/checkout@v4	2025-11-08T18:42:32.1491622Z hint: of your new repositories, which will suppress this warning, call:
rfc3339-strict	Run actions/checkout@v4	2025-11-08T18:42:32.1492463Z hint:
rfc3339-strict	Run actions/checkout@v4	2025-11-08T18:42:32.1493047Z hint: 	git config --global init.defaultBranch <name>
rfc3339-strict	Run actions/checkout@v4	2025-11-08T18:42:32.1494061Z hint:
rfc3339-strict	Run actions/checkout@v4	2025-11-08T18:42:32.1494732Z hint: Names commonly chosen instead of 'master' are 'main', 'trunk' and
rfc3339-strict	Run actions/checkout@v4	2025-11-08T18:42:32.1495955Z hint: 'development'. The just-created branch can be renamed via this command:
rfc3339-strict	Run actions/checkout@v4	2025-11-08T18:42:32.1496651Z hint:
rfc3339-strict	Run actions/checkout@v4	2025-11-08T18:42:32.1497035Z hint: 	git branch -m <name>
rfc3339-strict	Run actions/checkout@v4	2025-11-08T18:42:32.1497469Z hint:
rfc3339-strict	Run actions/checkout@v4	2025-11-08T18:42:32.1498063Z hint: Disable this message with "git config set advice.defaultBranchName false"
rfc3339-strict	Run actions/checkout@v4	2025-11-08T18:42:32.1527993Z Initialized empty Git repository in /home/runner/work/Gemantria/Gemantria/.git/
rfc3339-strict	Run actions/checkout@v4	2025-11-08T18:42:32.1539342Z [command]/usr/bin/git remote add origin https://github.com/iog-creator/Gemantria
rfc3339-strict	Run actions/checkout@v4	2025-11-08T18:42:32.1610463Z ##[endgroup]
rfc3339-strict	Run actions/checkout@v4	2025-11-08T18:42:32.1611192Z ##[group]Disabling automatic garbage collection
rfc3339-strict	Run actions/checkout@v4	2025-11-08T18:42:32.1614280Z [command]/usr/bin/git config --local gc.auto 0
rfc3339-strict	Run actions/checkout@v4	2025-11-08T18:42:32.1643044Z ##[endgroup]
rfc3339-strict	Run actions/checkout@v4	2025-11-08T18:42:32.1644245Z ##[group]Setting up auth
rfc3339-strict	Run actions/checkout@v4	2025-11-08T18:42:32.1650761Z [command]/usr/bin/git config --local --name-only --get-regexp core\.sshCommand
rfc3339-strict	Run actions/checkout@v4	2025-11-08T18:42:32.1680979Z [command]/usr/bin/git submodule foreach --recursive sh -c "git config --local --name-only --get-regexp 'core\.sshCommand' && git config --local --unset-all 'core.sshCommand' || :"
rfc3339-strict	Run actions/checkout@v4	2025-11-08T18:42:32.3141482Z [command]/usr/bin/git config --local --name-only --get-regexp http\.https\:\/\/github\.com\/\.extraheader
rfc3339-strict	Run actions/checkout@v4	2025-11-08T18:42:32.3173934Z [command]/usr/bin/git submodule foreach --recursive sh -c "git config --local --name-only --get-regexp 'http\.https\:\/\/github\.com\/\.extraheader' && git config --local --unset-all 'http.https://github.com/.extraheader' || :"
rfc3339-strict	Run actions/checkout@v4	2025-11-08T18:42:32.3391148Z [command]/usr/bin/git config --local http.https://github.com/.extraheader AUTHORIZATION: basic ***
rfc3339-strict	Run actions/checkout@v4	2025-11-08T18:42:32.3431957Z ##[endgroup]
rfc3339-strict	Run actions/checkout@v4	2025-11-08T18:42:32.3433654Z ##[group]Fetching the repository
rfc3339-strict	Run actions/checkout@v4	2025-11-08T18:42:32.3442241Z [command]/usr/bin/git -c protocol.version=2 fetch --no-tags --prune --no-recurse-submodules --depth=1 origin +d4d848271dff771a33a54bf532c0f2ed7cca64e5:refs/tags/v0.1.0-rc.rfc3339-test-1762627344
rfc3339-strict	Run actions/checkout@v4	2025-11-08T18:42:34.0752881Z From https://github.com/iog-creator/Gemantria
rfc3339-strict	Run actions/checkout@v4	2025-11-08T18:42:34.0754484Z  * [new ref]         d4d848271dff771a33a54bf532c0f2ed7cca64e5 -> v0.1.0-rc.rfc3339-test-1762627344
rfc3339-strict	Run actions/checkout@v4	2025-11-08T18:42:34.0814432Z ##[endgroup]
rfc3339-strict	Run actions/checkout@v4	2025-11-08T18:42:34.0816184Z ##[group]Determining the checkout info
rfc3339-strict	Run actions/checkout@v4	2025-11-08T18:42:34.0817946Z ##[endgroup]
rfc3339-strict	Run actions/checkout@v4	2025-11-08T18:42:34.0821196Z [command]/usr/bin/git sparse-checkout disable
rfc3339-strict	Run actions/checkout@v4	2025-11-08T18:42:34.0895548Z [command]/usr/bin/git config --local --unset-all extensions.worktreeConfig
rfc3339-strict	Run actions/checkout@v4	2025-11-08T18:42:34.0922985Z ##[group]Checking out the ref
rfc3339-strict	Run actions/checkout@v4	2025-11-08T18:42:34.0926609Z [command]/usr/bin/git checkout --progress --force refs/tags/v0.1.0-rc.rfc3339-test-1762627344
rfc3339-strict	Run actions/checkout@v4	2025-11-08T18:42:35.1142447Z Note: switching to 'refs/tags/v0.1.0-rc.rfc3339-test-1762627344'.
rfc3339-strict	Run actions/checkout@v4	2025-11-08T18:42:35.1143320Z 
rfc3339-strict	Run actions/checkout@v4	2025-11-08T18:42:35.1143813Z You are in 'detached HEAD' state. You can look around, make experimental
rfc3339-strict	Run actions/checkout@v4	2025-11-08T18:42:35.1144851Z changes and commit them, and you can discard any commits you make in this
rfc3339-strict	Run actions/checkout@v4	2025-11-08T18:42:35.1146101Z state without impacting any branches by switching back to a branch.
rfc3339-strict	Run actions/checkout@v4	2025-11-08T18:42:35.1146689Z 
rfc3339-strict	Run actions/checkout@v4	2025-11-08T18:42:35.1147137Z If you want to create a new branch to retain commits you create, you may
rfc3339-strict	Run actions/checkout@v4	2025-11-08T18:42:35.1148002Z do so (now or later) by using -c with the switch command. Example:
rfc3339-strict	Run actions/checkout@v4	2025-11-08T18:42:35.1148515Z 
rfc3339-strict	Run actions/checkout@v4	2025-11-08T18:42:35.1148766Z   git switch -c <new-branch-name>
rfc3339-strict	Run actions/checkout@v4	2025-11-08T18:42:35.1149135Z 
rfc3339-strict	Run actions/checkout@v4	2025-11-08T18:42:35.1149407Z Or undo this operation with:
rfc3339-strict	Run actions/checkout@v4	2025-11-08T18:42:35.1149773Z 
rfc3339-strict	Run actions/checkout@v4	2025-11-08T18:42:35.1149984Z   git switch -
rfc3339-strict	Run actions/checkout@v4	2025-11-08T18:42:35.1150355Z 
rfc3339-strict	Run actions/checkout@v4	2025-11-08T18:42:35.1150810Z Turn off this advice by setting config variable advice.detachedHead to false
rfc3339-strict	Run actions/checkout@v4	2025-11-08T18:42:35.1151420Z 
rfc3339-strict	Run actions/checkout@v4	2025-11-08T18:42:35.1151996Z HEAD is now at d4d8482 fix(ci): normalize export timestamps before STRICT guard on release tags (#262)
rfc3339-strict	Run actions/checkout@v4	2025-11-08T18:42:35.1185578Z ##[endgroup]
rfc3339-strict	Run actions/checkout@v4	2025-11-08T18:42:35.1222004Z [command]/usr/bin/git log -1 --format=%H
rfc3339-strict	Run actions/checkout@v4	2025-11-08T18:42:35.1243582Z d4d848271dff771a33a54bf532c0f2ed7cca64e5
rfc3339-strict	Run actions/setup-python@v5	ï»¿2025-11-08T18:42:35.1479514Z ##[group]Run actions/setup-python@v5
rfc3339-strict	Run actions/setup-python@v5	2025-11-08T18:42:35.1480019Z with:
rfc3339-strict	Run actions/setup-python@v5	2025-11-08T18:42:35.1480375Z   python-version: 3.11
rfc3339-strict	Run actions/setup-python@v5	2025-11-08T18:42:35.1480773Z   check-latest: false
rfc3339-strict	Run actions/setup-python@v5	2025-11-08T18:42:35.1481277Z   token: ***
rfc3339-strict	Run actions/setup-python@v5	2025-11-08T18:42:35.1481634Z   update-environment: true
rfc3339-strict	Run actions/setup-python@v5	2025-11-08T18:42:35.1482039Z   allow-prereleases: false
rfc3339-strict	Run actions/setup-python@v5	2025-11-08T18:42:35.1482441Z   freethreaded: false
rfc3339-strict	Run actions/setup-python@v5	2025-11-08T18:42:35.1482809Z ##[endgroup]
rfc3339-strict	Run actions/setup-python@v5	2025-11-08T18:42:35.3146138Z ##[group]Installed versions
rfc3339-strict	Run actions/setup-python@v5	2025-11-08T18:42:35.3560759Z Successfully set up CPython (3.11.14)
rfc3339-strict	Run actions/setup-python@v5	2025-11-08T18:42:35.3562327Z ##[endgroup]
rfc3339-strict	Install deps	ï»¿2025-11-08T18:42:35.3672097Z ##[group]Run pip install -r requirements.txt || true
rfc3339-strict	Install deps	2025-11-08T18:42:35.3672704Z [36;1mpip install -r requirements.txt || true[0m
rfc3339-strict	Install deps	2025-11-08T18:42:35.3716037Z shell: /usr/bin/bash -e {0}
rfc3339-strict	Install deps	2025-11-08T18:42:35.3716315Z env:
rfc3339-strict	Install deps	2025-11-08T18:42:35.3716596Z   pythonLocation: /opt/hostedtoolcache/Python/3.11.14/x64
rfc3339-strict	Install deps	2025-11-08T18:42:35.3717026Z   PKG_CONFIG_PATH: /opt/hostedtoolcache/Python/3.11.14/x64/lib/pkgconfig
rfc3339-strict	Install deps	2025-11-08T18:42:35.3717424Z   Python_ROOT_DIR: /opt/hostedtoolcache/Python/3.11.14/x64
rfc3339-strict	Install deps	2025-11-08T18:42:35.3717768Z   Python2_ROOT_DIR: /opt/hostedtoolcache/Python/3.11.14/x64
rfc3339-strict	Install deps	2025-11-08T18:42:35.3718112Z   Python3_ROOT_DIR: /opt/hostedtoolcache/Python/3.11.14/x64
rfc3339-strict	Install deps	2025-11-08T18:42:35.3718459Z   LD_LIBRARY_PATH: /opt/hostedtoolcache/Python/3.11.14/x64/lib
rfc3339-strict	Install deps	2025-11-08T18:42:35.3718747Z ##[endgroup]
rfc3339-strict	Install deps	2025-11-08T18:42:37.8839125Z Collecting langgraph~=0.2 (from -r requirements.txt (line 1))
rfc3339-strict	Install deps	2025-11-08T18:42:37.9575858Z   Downloading langgraph-0.6.11-py3-none-any.whl.metadata (6.8 kB)
rfc3339-strict	Install deps	2025-11-08T18:42:37.9843895Z Collecting psycopg~=3.2 (from psycopg[binary]~=3.2->-r requirements.txt (line 2))
rfc3339-strict	Install deps	2025-11-08T18:42:37.9926944Z   Downloading psycopg-3.2.12-py3-none-any.whl.metadata (4.5 kB)
rfc3339-strict	Install deps	2025-11-08T18:42:38.0184938Z Collecting pgvector~=0.3 (from -r requirements.txt (line 3))
rfc3339-strict	Install deps	2025-11-08T18:42:38.0259578Z   Downloading pgvector-0.4.1-py3-none-any.whl.metadata (18 kB)
rfc3339-strict	Install deps	2025-11-08T18:42:38.0997024Z Collecting fastapi~=0.114 (from -r requirements.txt (line 4))
rfc3339-strict	Install deps	2025-11-08T18:42:38.1076534Z   Downloading fastapi-0.121.0-py3-none-any.whl.metadata (28 kB)
rfc3339-strict	Install deps	2025-11-08T18:42:38.1528061Z Collecting uvicorn~=0.30 (from uvicorn[standard]~=0.30->-r requirements.txt (line 5))
rfc3339-strict	Install deps	2025-11-08T18:42:38.1602737Z   Downloading uvicorn-0.38.0-py3-none-any.whl.metadata (6.8 kB)
rfc3339-strict	Install deps	2025-11-08T18:42:38.1904743Z Collecting networkx~=3.3 (from -r requirements.txt (line 6))
rfc3339-strict	Install deps	2025-11-08T18:42:38.1982260Z   Downloading networkx-3.5-py3-none-any.whl.metadata (6.3 kB)
rfc3339-strict	Install deps	2025-11-08T18:42:38.3328036Z Collecting pydantic~=2.8 (from -r requirements.txt (line 7))
rfc3339-strict	Install deps	2025-11-08T18:42:38.3405961Z   Downloading pydantic-2.12.4-py3-none-any.whl.metadata (89 kB)
rfc3339-strict	Install deps	2025-11-08T18:42:38.3796004Z Collecting instructor~=1.3 (from -r requirements.txt (line 8))
rfc3339-strict	Install deps	2025-11-08T18:42:38.3889101Z   Downloading instructor-1.13.0-py3-none-any.whl.metadata (11 kB)
rfc3339-strict	Install deps	2025-11-08T18:42:38.4424322Z Collecting pytest~=8.3 (from -r requirements.txt (line 9))
rfc3339-strict	Install deps	2025-11-08T18:42:38.4500528Z   Downloading pytest-8.4.2-py3-none-any.whl.metadata (7.7 kB)
rfc3339-strict	Install deps	2025-11-08T18:42:38.4762568Z Collecting pytest-cov~=5.0 (from -r requirements.txt (line 10))
rfc3339-strict	Install deps	2025-11-08T18:42:38.4842015Z   Downloading pytest_cov-5.0.0-py3-none-any.whl.metadata (27 kB)
rfc3339-strict	Install deps	2025-11-08T18:42:38.8736175Z Collecting ruff~=0.6 (from -r requirements.txt (line 11))
rfc3339-strict	Install deps	2025-11-08T18:42:38.8815382Z   Downloading ruff-0.14.4-py3-none-manylinux_2_17_x86_64.manylinux2014_x86_64.whl.metadata (25 kB)
rfc3339-strict	Install deps	2025-11-08T18:42:38.9914847Z Collecting mypy~=1.11 (from -r requirements.txt (line 12))
rfc3339-strict	Install deps	2025-11-08T18:42:38.9993654Z   Downloading mypy-1.18.2-cp311-cp311-manylinux2014_x86_64.manylinux_2_17_x86_64.manylinux_2_28_x86_64.whl.metadata (2.2 kB)
rfc3339-strict	Install deps	2025-11-08T18:42:39.0230019Z Collecting rdflib~=7.0 (from -r requirements.txt (line 13))
rfc3339-strict	Install deps	2025-11-08T18:42:39.0310221Z   Downloading rdflib-7.4.0-py3-none-any.whl.metadata (12 kB)
rfc3339-strict	Install deps	2025-11-08T18:42:39.0627917Z Collecting jsonschema~=4.23 (from -r requirements.txt (line 14))
rfc3339-strict	Install deps	2025-11-08T18:42:39.0710176Z   Downloading jsonschema-4.25.1-py3-none-any.whl.metadata (7.6 kB)
rfc3339-strict	Install deps	2025-11-08T18:42:39.0982495Z Collecting typer~=0.12 (from -r requirements.txt (line 15))
rfc3339-strict	Install deps	2025-11-08T18:42:39.1061716Z   Downloading typer-0.20.0-py3-none-any.whl.metadata (16 kB)
rfc3339-strict	Install deps	2025-11-08T18:42:39.1296920Z Collecting sympy~=1.13 (from -r requirements.txt (line 16))
rfc3339-strict	Install deps	2025-11-08T18:42:39.1370903Z   Downloading sympy-1.14.0-py3-none-any.whl.metadata (12 kB)
rfc3339-strict	Install deps	2025-11-08T18:42:39.1593078Z Collecting mcp (from -r requirements.txt (line 17))
rfc3339-strict	Install deps	2025-11-08T18:42:39.1666708Z   Downloading mcp-1.21.0-py3-none-any.whl.metadata (85 kB)
rfc3339-strict	Install deps	2025-11-08T18:42:39.2302164Z Collecting langchain-core>=0.1 (from langgraph~=0.2->-r requirements.txt (line 1))
rfc3339-strict	Install deps	2025-11-08T18:42:39.2376970Z   Downloading langchain_core-1.0.4-py3-none-any.whl.metadata (3.5 kB)
rfc3339-strict	Install deps	2025-11-08T18:42:39.2598636Z Collecting langgraph-checkpoint<4.0.0,>=2.1.0 (from langgraph~=0.2->-r requirements.txt (line 1))
rfc3339-strict	Install deps	2025-11-08T18:42:39.2682964Z   Downloading langgraph_checkpoint-3.0.1-py3-none-any.whl.metadata (4.7 kB)
rfc3339-strict	Install deps	2025-11-08T18:42:39.2882966Z Collecting langgraph-prebuilt<0.7.0,>=0.6.0 (from langgraph~=0.2->-r requirements.txt (line 1))
rfc3339-strict	Install deps	2025-11-08T18:42:39.2971441Z   Downloading langgraph_prebuilt-0.6.5-py3-none-any.whl.metadata (4.5 kB)
rfc3339-strict	Install deps	2025-11-08T18:42:39.3245828Z Collecting langgraph-sdk<0.3.0,>=0.2.2 (from langgraph~=0.2->-r requirements.txt (line 1))
rfc3339-strict	Install deps	2025-11-08T18:42:39.3318645Z   Downloading langgraph_sdk-0.2.9-py3-none-any.whl.metadata (1.5 kB)
rfc3339-strict	Install deps	2025-11-08T18:42:39.4389321Z Collecting xxhash>=3.5.0 (from langgraph~=0.2->-r requirements.txt (line 1))
rfc3339-strict	Install deps	2025-11-08T18:42:39.4465719Z   Downloading xxhash-3.6.0-cp311-cp311-manylinux2014_x86_64.manylinux_2_17_x86_64.manylinux_2_28_x86_64.whl.metadata (13 kB)
rfc3339-strict	Install deps	2025-11-08T18:42:39.4757564Z Collecting typing-extensions>=4.6 (from psycopg~=3.2->psycopg[binary]~=3.2->-r requirements.txt (line 2))
rfc3339-strict	Install deps	2025-11-08T18:42:39.4830083Z   Downloading typing_extensions-4.15.0-py3-none-any.whl.metadata (3.3 kB)
rfc3339-strict	Install deps	2025-11-08T18:42:39.6906336Z Collecting numpy (from pgvector~=0.3->-r requirements.txt (line 3))
rfc3339-strict	Install deps	2025-11-08T18:42:39.6987793Z   Downloading numpy-2.3.4-cp311-cp311-manylinux_2_27_x86_64.manylinux_2_28_x86_64.whl.metadata (62 kB)
rfc3339-strict	Install deps	2025-11-08T18:42:39.7446948Z Collecting starlette<0.50.0,>=0.40.0 (from fastapi~=0.114->-r requirements.txt (line 4))
rfc3339-strict	Install deps	2025-11-08T18:42:39.7526730Z   Downloading starlette-0.49.3-py3-none-any.whl.metadata (6.4 kB)
rfc3339-strict	Install deps	2025-11-08T18:42:39.8167257Z Collecting annotated-doc>=0.0.2 (from fastapi~=0.114->-r requirements.txt (line 4))
rfc3339-strict	Install deps	2025-11-08T18:42:39.8260041Z   Downloading annotated_doc-0.0.3-py3-none-any.whl.metadata (6.6 kB)
rfc3339-strict	Install deps	2025-11-08T18:42:39.8510447Z Collecting click>=7.0 (from uvicorn~=0.30->uvicorn[standard]~=0.30->-r requirements.txt (line 5))
rfc3339-strict	Install deps	2025-11-08T18:42:39.8594309Z   Downloading click-8.3.0-py3-none-any.whl.metadata (2.6 kB)
rfc3339-strict	Install deps	2025-11-08T18:42:39.8786624Z Collecting h11>=0.8 (from uvicorn~=0.30->uvicorn[standard]~=0.30->-r requirements.txt (line 5))
rfc3339-strict	Install deps	2025-11-08T18:42:39.8862182Z   Downloading h11-0.16.0-py3-none-any.whl.metadata (8.3 kB)
rfc3339-strict	Install deps	2025-11-08T18:42:39.9057760Z Collecting annotated-types>=0.6.0 (from pydantic~=2.8->-r requirements.txt (line 7))
rfc3339-strict	Install deps	2025-11-08T18:42:39.9129905Z   Downloading annotated_types-0.7.0-py3-none-any.whl.metadata (15 kB)
rfc3339-strict	Install deps	2025-11-08T18:42:40.6354219Z Collecting pydantic-core==2.41.5 (from pydantic~=2.8->-r requirements.txt (line 7))
rfc3339-strict	Install deps	2025-11-08T18:42:40.6430510Z   Downloading pydantic_core-2.41.5-cp311-cp311-manylinux_2_17_x86_64.manylinux2014_x86_64.whl.metadata (7.3 kB)
rfc3339-strict	Install deps	2025-11-08T18:42:40.6626739Z Collecting typing-inspection>=0.4.2 (from pydantic~=2.8->-r requirements.txt (line 7))
rfc3339-strict	Install deps	2025-11-08T18:42:40.6699345Z   Downloading typing_inspection-0.4.2-py3-none-any.whl.metadata (2.6 kB)
rfc3339-strict	Install deps	2025-11-08T18:42:41.2028162Z Collecting aiohttp<4.0.0,>=3.9.1 (from instructor~=1.3->-r requirements.txt (line 8))
rfc3339-strict	Install deps	2025-11-08T18:42:41.2105921Z   Downloading aiohttp-3.13.2-cp311-cp311-manylinux2014_x86_64.manylinux_2_17_x86_64.manylinux_2_28_x86_64.whl.metadata (8.1 kB)
rfc3339-strict	Install deps	2025-11-08T18:42:41.2375386Z Collecting diskcache>=5.6.3 (from instructor~=1.3->-r requirements.txt (line 8))
rfc3339-strict	Install deps	2025-11-08T18:42:41.2464398Z   Downloading diskcache-5.6.3-py3-none-any.whl.metadata (20 kB)
rfc3339-strict	Install deps	2025-11-08T18:42:41.2638477Z Collecting docstring-parser<1.0,>=0.16 (from instructor~=1.3->-r requirements.txt (line 8))
rfc3339-strict	Install deps	2025-11-08T18:42:41.2711199Z   Downloading docstring_parser-0.17.0-py3-none-any.whl.metadata (3.5 kB)
rfc3339-strict	Install deps	2025-11-08T18:42:41.2916701Z Collecting jinja2<4.0.0,>=3.1.4 (from instructor~=1.3->-r requirements.txt (line 8))
rfc3339-strict	Install deps	2025-11-08T18:42:41.2988971Z   Downloading jinja2-3.1.6-py3-none-any.whl.metadata (2.9 kB)
rfc3339-strict	Install deps	2025-11-08T18:42:41.3681887Z Collecting jiter<0.12,>=0.6.1 (from instructor~=1.3->-r requirements.txt (line 8))
rfc3339-strict	Install deps	2025-11-08T18:42:41.3755882Z   Downloading jiter-0.11.1-cp311-cp311-manylinux_2_17_x86_64.manylinux2014_x86_64.whl.metadata (5.2 kB)
rfc3339-strict	Install deps	2025-11-08T18:42:41.4309380Z Collecting openai<3.0.0,>=2.0.0 (from instructor~=1.3->-r requirements.txt (line 8))
rfc3339-strict	Install deps	2025-11-08T18:42:41.4384150Z   Downloading openai-2.7.1-py3-none-any.whl.metadata (29 kB)
rfc3339-strict	Install deps	2025-11-08T18:42:41.4810411Z Collecting pre-commit>=4.3.0 (from instructor~=1.3->-r requirements.txt (line 8))
rfc3339-strict	Install deps	2025-11-08T18:42:41.4881646Z   Downloading pre_commit-4.3.0-py2.py3-none-any.whl.metadata (1.2 kB)
rfc3339-strict	Install deps	2025-11-08T18:42:41.5745643Z Collecting requests<3.0.0,>=2.32.3 (from instructor~=1.3->-r requirements.txt (line 8))
rfc3339-strict	Install deps	2025-11-08T18:42:41.5820627Z   Downloading requests-2.32.5-py3-none-any.whl.metadata (4.9 kB)
rfc3339-strict	Install deps	2025-11-08T18:42:41.6285344Z Collecting rich<15.0.0,>=13.7.0 (from instructor~=1.3->-r requirements.txt (line 8))
rfc3339-strict	Install deps	2025-11-08T18:42:41.6362499Z   Downloading rich-14.2.0-py3-none-any.whl.metadata (18 kB)
rfc3339-strict	Install deps	2025-11-08T18:42:41.6602160Z Collecting tenacity<10.0.0,>=8.2.3 (from instructor~=1.3->-r requirements.txt (line 8))
rfc3339-strict	Install deps	2025-11-08T18:42:41.6673792Z   Downloading tenacity-9.1.2-py3-none-any.whl.metadata (1.2 kB)
rfc3339-strict	Install deps	2025-11-08T18:42:41.7120513Z Collecting ty>=0.0.1a23 (from instructor~=1.3->-r requirements.txt (line 8))
rfc3339-strict	Install deps	2025-11-08T18:42:41.7204874Z   Downloading ty-0.0.1a25-py3-none-manylinux_2_17_x86_64.manylinux2014_x86_64.whl.metadata (4.7 kB)
rfc3339-strict	Install deps	2025-11-08T18:42:41.7504738Z Collecting iniconfig>=1 (from pytest~=8.3->-r requirements.txt (line 9))
rfc3339-strict	Install deps	2025-11-08T18:42:41.7580359Z   Downloading iniconfig-2.3.0-py3-none-any.whl.metadata (2.5 kB)
rfc3339-strict	Install deps	2025-11-08T18:42:41.7815721Z Collecting packaging>=20 (from pytest~=8.3->-r requirements.txt (line 9))
rfc3339-strict	Install deps	2025-11-08T18:42:41.7893925Z   Downloading packaging-25.0-py3-none-any.whl.metadata (3.3 kB)
rfc3339-strict	Install deps	2025-11-08T18:42:41.8090825Z Collecting pluggy<2,>=1.5 (from pytest~=8.3->-r requirements.txt (line 9))
rfc3339-strict	Install deps	2025-11-08T18:42:41.8165460Z   Downloading pluggy-1.6.0-py3-none-any.whl.metadata (4.8 kB)
rfc3339-strict	Install deps	2025-11-08T18:42:41.8424484Z Collecting pygments>=2.7.2 (from pytest~=8.3->-r requirements.txt (line 9))
rfc3339-strict	Install deps	2025-11-08T18:42:41.8499875Z   Downloading pygments-2.19.2-py3-none-any.whl.metadata (2.5 kB)
rfc3339-strict	Install deps	2025-11-08T18:42:42.1788336Z Collecting coverage>=5.2.1 (from coverage[toml]>=5.2.1->pytest-cov~=5.0->-r requirements.txt (line 10))
rfc3339-strict	Install deps	2025-11-08T18:42:42.1866809Z   Downloading coverage-7.11.1-cp311-cp311-manylinux1_x86_64.manylinux_2_28_x86_64.manylinux_2_5_x86_64.whl.metadata (9.0 kB)
rfc3339-strict	Install deps	2025-11-08T18:42:42.2061750Z Collecting mypy_extensions>=1.0.0 (from mypy~=1.11->-r requirements.txt (line 12))
rfc3339-strict	Install deps	2025-11-08T18:42:42.2134709Z   Downloading mypy_extensions-1.1.0-py3-none-any.whl.metadata (1.1 kB)
rfc3339-strict	Install deps	2025-11-08T18:42:42.2321101Z Collecting pathspec>=0.9.0 (from mypy~=1.11->-r requirements.txt (line 12))
rfc3339-strict	Install deps	2025-11-08T18:42:42.2393474Z   Downloading pathspec-0.12.1-py3-none-any.whl.metadata (21 kB)
rfc3339-strict	Install deps	2025-11-08T18:42:42.3462247Z Collecting pyparsing<4,>=2.1.0 (from rdflib~=7.0->-r requirements.txt (line 13))
rfc3339-strict	Install deps	2025-11-08T18:42:42.3542800Z   Downloading pyparsing-3.2.5-py3-none-any.whl.metadata (5.0 kB)
rfc3339-strict	Install deps	2025-11-08T18:42:42.3783552Z Collecting attrs>=22.2.0 (from jsonschema~=4.23->-r requirements.txt (line 14))
rfc3339-strict	Install deps	2025-11-08T18:42:42.3857835Z   Downloading attrs-25.4.0-py3-none-any.whl.metadata (10 kB)
rfc3339-strict	Install deps	2025-11-08T18:42:42.4065692Z Collecting jsonschema-specifications>=2023.03.6 (from jsonschema~=4.23->-r requirements.txt (line 14))
rfc3339-strict	Install deps	2025-11-08T18:42:42.4145627Z   Downloading jsonschema_specifications-2025.9.1-py3-none-any.whl.metadata (2.9 kB)
rfc3339-strict	Install deps	2025-11-08T18:42:42.4439234Z Collecting referencing>=0.28.4 (from jsonschema~=4.23->-r requirements.txt (line 14))
rfc3339-strict	Install deps	2025-11-08T18:42:42.4511597Z   Downloading referencing-0.37.0-py3-none-any.whl.metadata (2.8 kB)
rfc3339-strict	Install deps	2025-11-08T18:42:42.7011487Z Collecting rpds-py>=0.7.1 (from jsonschema~=4.23->-r requirements.txt (line 14))
rfc3339-strict	Install deps	2025-11-08T18:42:42.7090638Z   Downloading rpds_py-0.28.0-cp311-cp311-manylinux_2_17_x86_64.manylinux2014_x86_64.whl.metadata (4.1 kB)
rfc3339-strict	Install deps	2025-11-08T18:42:42.7382353Z Collecting shellingham>=1.3.0 (from typer~=0.12->-r requirements.txt (line 15))
rfc3339-strict	Install deps	2025-11-08T18:42:42.7453765Z   Downloading shellingham-1.5.4-py2.py3-none-any.whl.metadata (3.5 kB)
rfc3339-strict	Install deps	2025-11-08T18:42:42.7744028Z Collecting mpmath<1.4,>=1.1.0 (from sympy~=1.13->-r requirements.txt (line 16))
rfc3339-strict	Install deps	2025-11-08T18:42:42.7817324Z   Downloading mpmath-1.3.0-py3-none-any.whl.metadata (8.6 kB)
rfc3339-strict	Install deps	2025-11-08T18:42:42.8048223Z Collecting aiohappyeyeballs>=2.5.0 (from aiohttp<4.0.0,>=3.9.1->instructor~=1.3->-r requirements.txt (line 8))
rfc3339-strict	Install deps	2025-11-08T18:42:42.8122345Z   Downloading aiohappyeyeballs-2.6.1-py3-none-any.whl.metadata (5.9 kB)
rfc3339-strict	Install deps	2025-11-08T18:42:42.8278301Z Collecting aiosignal>=1.4.0 (from aiohttp<4.0.0,>=3.9.1->instructor~=1.3->-r requirements.txt (line 8))
rfc3339-strict	Install deps	2025-11-08T18:42:42.8358321Z   Downloading aiosignal-1.4.0-py3-none-any.whl.metadata (3.7 kB)
rfc3339-strict	Install deps	2025-11-08T18:42:42.9155863Z Collecting frozenlist>=1.1.1 (from aiohttp<4.0.0,>=3.9.1->instructor~=1.3->-r requirements.txt (line 8))
rfc3339-strict	Install deps	2025-11-08T18:42:42.9236738Z   Downloading frozenlist-1.8.0-cp311-cp311-manylinux1_x86_64.manylinux_2_28_x86_64.manylinux_2_5_x86_64.whl.metadata (20 kB)
rfc3339-strict	Install deps	2025-11-08T18:42:43.1499507Z Collecting multidict<7.0,>=4.5 (from aiohttp<4.0.0,>=3.9.1->instructor~=1.3->-r requirements.txt (line 8))
rfc3339-strict	Install deps	2025-11-08T18:42:43.1581464Z   Downloading multidict-6.7.0-cp311-cp311-manylinux2014_x86_64.manylinux_2_17_x86_64.manylinux_2_28_x86_64.whl.metadata (5.3 kB)
rfc3339-strict	Install deps	2025-11-08T18:42:43.2197296Z Collecting propcache>=0.2.0 (from aiohttp<4.0.0,>=3.9.1->instructor~=1.3->-r requirements.txt (line 8))
rfc3339-strict	Install deps	2025-11-08T18:42:43.2289125Z   Downloading propcache-0.4.1-cp311-cp311-manylinux2014_x86_64.manylinux_2_17_x86_64.manylinux_2_28_x86_64.whl.metadata (13 kB)
rfc3339-strict	Install deps	2025-11-08T18:42:43.5671016Z Collecting yarl<2.0,>=1.17.0 (from aiohttp<4.0.0,>=3.9.1->instructor~=1.3->-r requirements.txt (line 8))
rfc3339-strict	Install deps	2025-11-08T18:42:43.5754327Z   Downloading yarl-1.22.0-cp311-cp311-manylinux2014_x86_64.manylinux_2_17_x86_64.manylinux_2_28_x86_64.whl.metadata (75 kB)
rfc3339-strict	Install deps	2025-11-08T18:42:43.6407399Z Collecting MarkupSafe>=2.0 (from jinja2<4.0.0,>=3.1.4->instructor~=1.3->-r requirements.txt (line 8))
rfc3339-strict	Install deps	2025-11-08T18:42:43.6498257Z   Downloading markupsafe-3.0.3-cp311-cp311-manylinux2014_x86_64.manylinux_2_17_x86_64.manylinux_2_28_x86_64.whl.metadata (2.7 kB)
rfc3339-strict	Install deps	2025-11-08T18:42:43.7288920Z Collecting ormsgpack>=1.12.0 (from langgraph-checkpoint<4.0.0,>=2.1.0->langgraph~=0.2->-r requirements.txt (line 1))
rfc3339-strict	Install deps	2025-11-08T18:42:43.7362844Z   Downloading ormsgpack-1.12.0-cp311-cp311-manylinux_2_17_x86_64.manylinux2014_x86_64.whl.metadata (1.2 kB)
rfc3339-strict	Install deps	2025-11-08T18:42:43.7795267Z Collecting httpx>=0.25.2 (from langgraph-sdk<0.3.0,>=0.2.2->langgraph~=0.2->-r requirements.txt (line 1))
rfc3339-strict	Install deps	2025-11-08T18:42:43.7868263Z   Downloading httpx-0.28.1-py3-none-any.whl.metadata (7.1 kB)
rfc3339-strict	Install deps	2025-11-08T18:42:44.0248611Z Collecting orjson>=3.10.1 (from langgraph-sdk<0.3.0,>=0.2.2->langgraph~=0.2->-r requirements.txt (line 1))
rfc3339-strict	Install deps	2025-11-08T18:42:44.0329662Z   Downloading orjson-3.11.4-cp311-cp311-manylinux_2_17_x86_64.manylinux2014_x86_64.whl.metadata (41 kB)
rfc3339-strict	Install deps	2025-11-08T18:42:44.0662114Z Collecting anyio<5,>=3.5.0 (from openai<3.0.0,>=2.0.0->instructor~=1.3->-r requirements.txt (line 8))
rfc3339-strict	Install deps	2025-11-08T18:42:44.0738033Z   Downloading anyio-4.11.0-py3-none-any.whl.metadata (4.1 kB)
rfc3339-strict	Install deps	2025-11-08T18:42:44.0938338Z Collecting distro<2,>=1.7.0 (from openai<3.0.0,>=2.0.0->instructor~=1.3->-r requirements.txt (line 8))
rfc3339-strict	Install deps	2025-11-08T18:42:44.1013049Z   Downloading distro-1.9.0-py3-none-any.whl.metadata (6.8 kB)
rfc3339-strict	Install deps	2025-11-08T18:42:44.1670208Z Collecting sniffio (from openai<3.0.0,>=2.0.0->instructor~=1.3->-r requirements.txt (line 8))
rfc3339-strict	Install deps	2025-11-08T18:42:44.1747370Z   Downloading sniffio-1.3.1-py3-none-any.whl.metadata (3.9 kB)
rfc3339-strict	Install deps	2025-11-08T18:42:44.2183726Z Collecting tqdm>4 (from openai<3.0.0,>=2.0.0->instructor~=1.3->-r requirements.txt (line 8))
rfc3339-strict	Install deps	2025-11-08T18:42:44.2279269Z   Downloading tqdm-4.67.1-py3-none-any.whl.metadata (57 kB)
rfc3339-strict	Install deps	2025-11-08T18:42:44.2587268Z Collecting idna>=2.8 (from anyio<5,>=3.5.0->openai<3.0.0,>=2.0.0->instructor~=1.3->-r requirements.txt (line 8))
rfc3339-strict	Install deps	2025-11-08T18:42:44.2661245Z   Downloading idna-3.11-py3-none-any.whl.metadata (8.4 kB)
rfc3339-strict	Install deps	2025-11-08T18:42:44.3006314Z Collecting certifi (from httpx>=0.25.2->langgraph-sdk<0.3.0,>=0.2.2->langgraph~=0.2->-r requirements.txt (line 1))
rfc3339-strict	Install deps	2025-11-08T18:42:44.3082870Z   Downloading certifi-2025.10.5-py3-none-any.whl.metadata (2.5 kB)
rfc3339-strict	Install deps	2025-11-08T18:42:44.3336121Z Collecting httpcore==1.* (from httpx>=0.25.2->langgraph-sdk<0.3.0,>=0.2.2->langgraph~=0.2->-r requirements.txt (line 1))
rfc3339-strict	Install deps	2025-11-08T18:42:44.3414007Z   Downloading httpcore-1.0.9-py3-none-any.whl.metadata (21 kB)
rfc3339-strict	Install deps	2025-11-08T18:42:44.4980180Z Collecting psycopg-binary==3.2.12 (from psycopg[binary]~=3.2->-r requirements.txt (line 2))
rfc3339-strict	Install deps	2025-11-08T18:42:44.5066428Z   Downloading psycopg_binary-3.2.12-cp311-cp311-manylinux2014_x86_64.manylinux_2_17_x86_64.whl.metadata (2.9 kB)
rfc3339-strict	Install deps	2025-11-08T18:42:44.5963867Z Collecting charset_normalizer<4,>=2 (from requests<3.0.0,>=2.32.3->instructor~=1.3->-r requirements.txt (line 8))
rfc3339-strict	Install deps	2025-11-08T18:42:44.6042583Z   Downloading charset_normalizer-3.4.4-cp311-cp311-manylinux2014_x86_64.manylinux_2_17_x86_64.manylinux_2_28_x86_64.whl.metadata (37 kB)
rfc3339-strict	Install deps	2025-11-08T18:42:44.6437063Z Collecting urllib3<3,>=1.21.1 (from requests<3.0.0,>=2.32.3->instructor~=1.3->-r requirements.txt (line 8))
rfc3339-strict	Install deps	2025-11-08T18:42:44.6516590Z   Downloading urllib3-2.5.0-py3-none-any.whl.metadata (6.5 kB)
rfc3339-strict	Install deps	2025-11-08T18:42:44.6822360Z Collecting markdown-it-py>=2.2.0 (from rich<15.0.0,>=13.7.0->instructor~=1.3->-r requirements.txt (line 8))
rfc3339-strict	Install deps	2025-11-08T18:42:44.6893034Z   Downloading markdown_it_py-4.0.0-py3-none-any.whl.metadata (7.3 kB)
rfc3339-strict	Install deps	2025-11-08T18:42:44.7510157Z Collecting httptools>=0.6.3 (from uvicorn[standard]~=0.30->-r requirements.txt (line 5))
rfc3339-strict	Install deps	2025-11-08T18:42:44.7586314Z   Downloading httptools-0.7.1-cp311-cp311-manylinux1_x86_64.manylinux_2_28_x86_64.manylinux_2_5_x86_64.whl.metadata (3.5 kB)
rfc3339-strict	Install deps	2025-11-08T18:42:44.7838262Z Collecting python-dotenv>=0.13 (from uvicorn[standard]~=0.30->-r requirements.txt (line 5))
rfc3339-strict	Install deps	2025-11-08T18:42:44.7914229Z   Downloading python_dotenv-1.2.1-py3-none-any.whl.metadata (25 kB)
rfc3339-strict	Install deps	2025-11-08T18:42:44.8370017Z Collecting pyyaml>=5.1 (from uvicorn[standard]~=0.30->-r requirements.txt (line 5))
rfc3339-strict	Install deps	2025-11-08T18:42:44.8445721Z   Downloading pyyaml-6.0.3-cp311-cp311-manylinux2014_x86_64.manylinux_2_17_x86_64.manylinux_2_28_x86_64.whl.metadata (2.4 kB)
rfc3339-strict	Install deps	2025-11-08T18:42:44.8887840Z Collecting uvloop>=0.15.1 (from uvicorn[standard]~=0.30->-r requirements.txt (line 5))
rfc3339-strict	Install deps	2025-11-08T18:42:44.8967749Z   Downloading uvloop-0.22.1-cp311-cp311-manylinux2014_x86_64.manylinux_2_17_x86_64.manylinux_2_28_x86_64.whl.metadata (4.9 kB)
rfc3339-strict	Install deps	2025-11-08T18:42:45.0860978Z Collecting watchfiles>=0.13 (from uvicorn[standard]~=0.30->-r requirements.txt (line 5))
rfc3339-strict	Install deps	2025-11-08T18:42:45.0943213Z   Downloading watchfiles-1.1.1-cp311-cp311-manylinux_2_17_x86_64.manylinux2014_x86_64.whl.metadata (4.9 kB)
rfc3339-strict	Install deps	2025-11-08T18:42:45.1819082Z Collecting websockets>=10.4 (from uvicorn[standard]~=0.30->-r requirements.txt (line 5))
rfc3339-strict	Install deps	2025-11-08T18:42:45.1897147Z   Downloading websockets-15.0.1-cp311-cp311-manylinux_2_5_x86_64.manylinux1_x86_64.manylinux_2_17_x86_64.manylinux2014_x86_64.whl.metadata (6.8 kB)
rfc3339-strict	Install deps	2025-11-08T18:42:45.2290583Z Collecting httpx-sse>=0.4 (from mcp->-r requirements.txt (line 17))
rfc3339-strict	Install deps	2025-11-08T18:42:45.2365735Z   Downloading httpx_sse-0.4.3-py3-none-any.whl.metadata (9.7 kB)
rfc3339-strict	Install deps	2025-11-08T18:42:45.2679341Z Collecting pydantic-settings>=2.5.2 (from mcp->-r requirements.txt (line 17))
rfc3339-strict	Install deps	2025-11-08T18:42:45.2751760Z   Downloading pydantic_settings-2.11.0-py3-none-any.whl.metadata (3.4 kB)
rfc3339-strict	Install deps	2025-11-08T18:42:45.3343621Z Collecting pyjwt>=2.10.1 (from pyjwt[crypto]>=2.10.1->mcp->-r requirements.txt (line 17))
rfc3339-strict	Install deps	2025-11-08T18:42:45.3420037Z   Downloading PyJWT-2.10.1-py3-none-any.whl.metadata (4.0 kB)
rfc3339-strict	Install deps	2025-11-08T18:42:45.3601354Z Collecting python-multipart>=0.0.9 (from mcp->-r requirements.txt (line 17))
rfc3339-strict	Install deps	2025-11-08T18:42:45.3675301Z   Downloading python_multipart-0.0.20-py3-none-any.whl.metadata (1.8 kB)
rfc3339-strict	Install deps	2025-11-08T18:42:45.3885730Z Collecting sse-starlette>=1.6.1 (from mcp->-r requirements.txt (line 17))
rfc3339-strict	Install deps	2025-11-08T18:42:45.3960300Z   Downloading sse_starlette-3.0.3-py3-none-any.whl.metadata (12 kB)
rfc3339-strict	Install deps	2025-11-08T18:42:45.4667425Z Collecting jsonpatch<2.0.0,>=1.33.0 (from langchain-core>=0.1->langgraph~=0.2->-r requirements.txt (line 1))
rfc3339-strict	Install deps	2025-11-08T18:42:45.4741185Z   Downloading jsonpatch-1.33-py2.py3-none-any.whl.metadata (3.0 kB)
rfc3339-strict	Install deps	2025-11-08T18:42:45.5443369Z Collecting langsmith<1.0.0,>=0.3.45 (from langchain-core>=0.1->langgraph~=0.2->-r requirements.txt (line 1))
rfc3339-strict	Install deps	2025-11-08T18:42:45.5520605Z   Downloading langsmith-0.4.41-py3-none-any.whl.metadata (14 kB)
rfc3339-strict	Install deps	2025-11-08T18:42:45.5901084Z Collecting jsonpointer>=1.9 (from jsonpatch<2.0.0,>=1.33.0->langchain-core>=0.1->langgraph~=0.2->-r requirements.txt (line 1))
rfc3339-strict	Install deps	2025-11-08T18:42:45.5976293Z   Downloading jsonpointer-3.0.0-py2.py3-none-any.whl.metadata (2.3 kB)
rfc3339-strict	Install deps	2025-11-08T18:42:45.6654240Z Collecting requests-toolbelt>=1.0.0 (from langsmith<1.0.0,>=0.3.45->langchain-core>=0.1->langgraph~=0.2->-r requirements.txt (line 1))
rfc3339-strict	Install deps	2025-11-08T18:42:45.6728074Z   Downloading requests_toolbelt-1.0.0-py2.py3-none-any.whl.metadata (14 kB)
rfc3339-strict	Install deps	2025-11-08T18:42:45.7577698Z Collecting zstandard>=0.23.0 (from langsmith<1.0.0,>=0.3.45->langchain-core>=0.1->langgraph~=0.2->-r requirements.txt (line 1))
rfc3339-strict	Install deps	2025-11-08T18:42:45.7657976Z   Downloading zstandard-0.25.0-cp311-cp311-manylinux2014_x86_64.manylinux_2_17_x86_64.whl.metadata (3.3 kB)
rfc3339-strict	Install deps	2025-11-08T18:42:45.7908772Z Collecting mdurl~=0.1 (from markdown-it-py>=2.2.0->rich<15.0.0,>=13.7.0->instructor~=1.3->-r requirements.txt (line 8))
rfc3339-strict	Install deps	2025-11-08T18:42:45.7982793Z   Downloading mdurl-0.1.2-py3-none-any.whl.metadata (1.6 kB)
rfc3339-strict	Install deps	2025-11-08T18:42:45.8315599Z Collecting cfgv>=2.0.0 (from pre-commit>=4.3.0->instructor~=1.3->-r requirements.txt (line 8))
rfc3339-strict	Install deps	2025-11-08T18:42:45.8390217Z   Downloading cfgv-3.4.0-py2.py3-none-any.whl.metadata (8.5 kB)
rfc3339-strict	Install deps	2025-11-08T18:42:45.8861426Z Collecting identify>=1.0.0 (from pre-commit>=4.3.0->instructor~=1.3->-r requirements.txt (line 8))
rfc3339-strict	Install deps	2025-11-08T18:42:45.8937749Z   Downloading identify-2.6.15-py2.py3-none-any.whl.metadata (4.4 kB)
rfc3339-strict	Install deps	2025-11-08T18:42:45.9149649Z Collecting nodeenv>=0.11.1 (from pre-commit>=4.3.0->instructor~=1.3->-r requirements.txt (line 8))
rfc3339-strict	Install deps	2025-11-08T18:42:45.9223834Z   Downloading nodeenv-1.9.1-py2.py3-none-any.whl.metadata (21 kB)
rfc3339-strict	Install deps	2025-11-08T18:42:45.9711556Z Collecting virtualenv>=20.10.0 (from pre-commit>=4.3.0->instructor~=1.3->-r requirements.txt (line 8))
rfc3339-strict	Install deps	2025-11-08T18:42:45.9789396Z   Downloading virtualenv-20.35.4-py3-none-any.whl.metadata (4.6 kB)
rfc3339-strict	Install deps	2025-11-08T18:42:46.2244764Z Collecting cryptography>=3.4.0 (from pyjwt[crypto]>=2.10.1->mcp->-r requirements.txt (line 17))
rfc3339-strict	Install deps	2025-11-08T18:42:46.2322348Z   Downloading cryptography-46.0.3-cp311-abi3-manylinux_2_34_x86_64.whl.metadata (5.7 kB)
rfc3339-strict	Install deps	2025-11-08T18:42:46.3437863Z Collecting cffi>=2.0.0 (from cryptography>=3.4.0->pyjwt[crypto]>=2.10.1->mcp->-r requirements.txt (line 17))
rfc3339-strict	Install deps	2025-11-08T18:42:46.3533156Z   Downloading cffi-2.0.0-cp311-cp311-manylinux2014_x86_64.manylinux_2_17_x86_64.whl.metadata (2.6 kB)
rfc3339-strict	Install deps	2025-11-08T18:42:46.3727863Z Collecting pycparser (from cffi>=2.0.0->cryptography>=3.4.0->pyjwt[crypto]>=2.10.1->mcp->-r requirements.txt (line 17))
rfc3339-strict	Install deps	2025-11-08T18:42:46.3808905Z   Downloading pycparser-2.23-py3-none-any.whl.metadata (993 bytes)
rfc3339-strict	Install deps	2025-11-08T18:42:46.4678725Z Collecting distlib<1,>=0.3.7 (from virtualenv>=20.10.0->pre-commit>=4.3.0->instructor~=1.3->-r requirements.txt (line 8))
rfc3339-strict	Install deps	2025-11-08T18:42:46.4751387Z   Downloading distlib-0.4.0-py2.py3-none-any.whl.metadata (5.2 kB)
rfc3339-strict	Install deps	2025-11-08T18:42:46.5011202Z Collecting filelock<4,>=3.12.2 (from virtualenv>=20.10.0->pre-commit>=4.3.0->instructor~=1.3->-r requirements.txt (line 8))
rfc3339-strict	Install deps	2025-11-08T18:42:46.5090533Z   Downloading filelock-3.20.0-py3-none-any.whl.metadata (2.1 kB)
rfc3339-strict	Install deps	2025-11-08T18:42:46.5320767Z Collecting platformdirs<5,>=3.9.1 (from virtualenv>=20.10.0->pre-commit>=4.3.0->instructor~=1.3->-r requirements.txt (line 8))
rfc3339-strict	Install deps	2025-11-08T18:42:46.5393730Z   Downloading platformdirs-4.5.0-py3-none-any.whl.metadata (12 kB)
rfc3339-strict	Install deps	2025-11-08T18:42:46.5845222Z Downloading langgraph-0.6.11-py3-none-any.whl (155 kB)
rfc3339-strict	Install deps	2025-11-08T18:42:46.5956350Z Downloading psycopg-3.2.12-py3-none-any.whl (206 kB)
rfc3339-strict	Install deps	2025-11-08T18:42:46.6094585Z Downloading pgvector-0.4.1-py3-none-any.whl (27 kB)
rfc3339-strict	Install deps	2025-11-08T18:42:46.6207648Z Downloading fastapi-0.121.0-py3-none-any.whl (109 kB)
rfc3339-strict	Install deps	2025-11-08T18:42:46.6318757Z Downloading uvicorn-0.38.0-py3-none-any.whl (68 kB)
rfc3339-strict	Install deps	2025-11-08T18:42:46.6427431Z Downloading networkx-3.5-py3-none-any.whl (2.0 MB)
rfc3339-strict	Install deps	2025-11-08T18:42:46.6651558Z    â”â”â”â”â”â”â”â”â”â”â”â”â”â”â”â”â”â”â”â”â”â”â”â”â”â”â”â”â”â”â”â”â”â”â”â”â”â”â”â” 2.0/2.0 MB 90.2 MB/s  0:00:00
rfc3339-strict	Install deps	2025-11-08T18:42:46.6728743Z Downloading pydantic-2.12.4-py3-none-any.whl (463 kB)
rfc3339-strict	Install deps	2025-11-08T18:42:46.6903758Z Downloading pydantic_core-2.41.5-cp311-cp311-manylinux_2_17_x86_64.manylinux2014_x86_64.whl (2.1 MB)
rfc3339-strict	Install deps	2025-11-08T18:42:46.7029273Z    â”â”â”â”â”â”â”â”â”â”â”â”â”â”â”â”â”â”â”â”â”â”â”â”â”â”â”â”â”â”â”â”â”â”â”â”â”â”â”â” 2.1/2.1 MB 174.5 MB/s  0:00:00
rfc3339-strict	Install deps	2025-11-08T18:42:46.7117873Z Downloading instructor-1.13.0-py3-none-any.whl (160 kB)
rfc3339-strict	Install deps	2025-11-08T18:42:46.7227912Z Downloading pytest-8.4.2-py3-none-any.whl (365 kB)
rfc3339-strict	Install deps	2025-11-08T18:42:46.7349677Z Downloading pytest_cov-5.0.0-py3-none-any.whl (21 kB)
rfc3339-strict	Install deps	2025-11-08T18:42:46.7466677Z Downloading ruff-0.14.4-py3-none-manylinux_2_17_x86_64.manylinux2014_x86_64.whl (13.4 MB)
rfc3339-strict	Install deps	2025-11-08T18:42:46.8067188Z    â”â”â”â”â”â”â”â”â”â”â”â”â”â”â”â”â”â”â”â”â”â”â”â”â”â”â”â”â”â”â”â”â”â”â”â”â”â”â”â” 13.4/13.4 MB 228.7 MB/s  0:00:00
rfc3339-strict	Install deps	2025-11-08T18:42:46.8151872Z Downloading mypy-1.18.2-cp311-cp311-manylinux2014_x86_64.manylinux_2_17_x86_64.manylinux_2_28_x86_64.whl (13.2 MB)
rfc3339-strict	Install deps	2025-11-08T18:42:46.8800675Z    â”â”â”â”â”â”â”â”â”â”â”â”â”â”â”â”â”â”â”â”â”â”â”â”â”â”â”â”â”â”â”â”â”â”â”â”â”â”â”â” 13.2/13.2 MB 210.0 MB/s  0:00:00
rfc3339-strict	Install deps	2025-11-08T18:42:46.8881618Z Downloading rdflib-7.4.0-py3-none-any.whl (569 kB)
rfc3339-strict	Install deps	2025-11-08T18:42:46.8946703Z    â”â”â”â”â”â”â”â”â”â”â”â”â”â”â”â”â”â”â”â”â”â”â”â”â”â”â”â”â”â”â”â”â”â”â”â”â”â”â”â” 569.0/569.0 kB 79.8 MB/s  0:00:00
rfc3339-strict	Install deps	2025-11-08T18:42:46.9019779Z Downloading jsonschema-4.25.1-py3-none-any.whl (90 kB)
rfc3339-strict	Install deps	2025-11-08T18:42:46.9132998Z Downloading typer-0.20.0-py3-none-any.whl (47 kB)
rfc3339-strict	Install deps	2025-11-08T18:42:46.9239635Z Downloading sympy-1.14.0-py3-none-any.whl (6.3 MB)
rfc3339-strict	Install deps	2025-11-08T18:42:46.9545581Z    â”â”â”â”â”â”â”â”â”â”â”â”â”â”â”â”â”â”â”â”â”â”â”â”â”â”â”â”â”â”â”â”â”â”â”â”â”â”â”â” 6.3/6.3 MB 215.4 MB/s  0:00:00
rfc3339-strict	Install deps	2025-11-08T18:42:46.9622167Z Downloading aiohttp-3.13.2-cp311-cp311-manylinux2014_x86_64.manylinux_2_17_x86_64.manylinux_2_28_x86_64.whl (1.7 MB)
rfc3339-strict	Install deps	2025-11-08T18:42:46.9736498Z    â”â”â”â”â”â”â”â”â”â”â”â”â”â”â”â”â”â”â”â”â”â”â”â”â”â”â”â”â”â”â”â”â”â”â”â”â”â”â”â” 1.7/1.7 MB 169.8 MB/s  0:00:00
rfc3339-strict	Install deps	2025-11-08T18:42:46.9812627Z Downloading docstring_parser-0.17.0-py3-none-any.whl (36 kB)
rfc3339-strict	Install deps	2025-11-08T18:42:46.9916969Z Downloading jinja2-3.1.6-py3-none-any.whl (134 kB)
rfc3339-strict	Install deps	2025-11-08T18:42:47.0028632Z Downloading jiter-0.11.1-cp311-cp311-manylinux_2_17_x86_64.manylinux2014_x86_64.whl (359 kB)
rfc3339-strict	Install deps	2025-11-08T18:42:47.0147130Z Downloading langgraph_checkpoint-3.0.1-py3-none-any.whl (46 kB)
rfc3339-strict	Install deps	2025-11-08T18:42:47.0252908Z Downloading langgraph_prebuilt-0.6.5-py3-none-any.whl (28 kB)
rfc3339-strict	Install deps	2025-11-08T18:42:47.0349860Z Downloading langgraph_sdk-0.2.9-py3-none-any.whl (56 kB)
rfc3339-strict	Install deps	2025-11-08T18:42:47.0460034Z Downloading mpmath-1.3.0-py3-none-any.whl (536 kB)
rfc3339-strict	Install deps	2025-11-08T18:42:47.0547609Z    â”â”â”â”â”â”â”â”â”â”â”â”â”â”â”â”â”â”â”â”â”â”â”â”â”â”â”â”â”â”â”â”â”â”â”â”â”â”â”â” 536.2/536.2 kB 44.0 MB/s  0:00:00
rfc3339-strict	Install deps	2025-11-08T18:42:47.0628976Z Downloading multidict-6.7.0-cp311-cp311-manylinux2014_x86_64.manylinux_2_17_x86_64.manylinux_2_28_x86_64.whl (246 kB)
rfc3339-strict	Install deps	2025-11-08T18:42:47.0749453Z Downloading openai-2.7.1-py3-none-any.whl (1.0 MB)
rfc3339-strict	Install deps	2025-11-08T18:42:47.0835755Z    â”â”â”â”â”â”â”â”â”â”â”â”â”â”â”â”â”â”â”â”â”â”â”â”â”â”â”â”â”â”â”â”â”â”â”â”â”â”â”â” 1.0/1.0 MB 128.6 MB/s  0:00:00
rfc3339-strict	Install deps	2025-11-08T18:42:47.0919783Z Downloading anyio-4.11.0-py3-none-any.whl (109 kB)
rfc3339-strict	Install deps	2025-11-08T18:42:47.1024394Z Downloading distro-1.9.0-py3-none-any.whl (20 kB)
rfc3339-strict	Install deps	2025-11-08T18:42:47.1129795Z Downloading httpx-0.28.1-py3-none-any.whl (73 kB)
rfc3339-strict	Install deps	2025-11-08T18:42:47.1230109Z Downloading httpcore-1.0.9-py3-none-any.whl (78 kB)
rfc3339-strict	Install deps	2025-11-08T18:42:47.1335578Z Downloading pluggy-1.6.0-py3-none-any.whl (20 kB)
rfc3339-strict	Install deps	2025-11-08T18:42:47.1442149Z Downloading psycopg_binary-3.2.12-cp311-cp311-manylinux2014_x86_64.manylinux_2_17_x86_64.whl (4.4 MB)
rfc3339-strict	Install deps	2025-11-08T18:42:47.1678358Z    â”â”â”â”â”â”â”â”â”â”â”â”â”â”â”â”â”â”â”â”â”â”â”â”â”â”â”â”â”â”â”â”â”â”â”â”â”â”â”â” 4.4/4.4 MB 194.7 MB/s  0:00:00
rfc3339-strict	Install deps	2025-11-08T18:42:47.1752824Z Downloading pyparsing-3.2.5-py3-none-any.whl (113 kB)
rfc3339-strict	Install deps	2025-11-08T18:42:47.1859305Z Downloading requests-2.32.5-py3-none-any.whl (64 kB)
rfc3339-strict	Install deps	2025-11-08T18:42:47.1965732Z Downloading charset_normalizer-3.4.4-cp311-cp311-manylinux2014_x86_64.manylinux_2_17_x86_64.manylinux_2_28_x86_64.whl (151 kB)
rfc3339-strict	Install deps	2025-11-08T18:42:47.2077162Z Downloading idna-3.11-py3-none-any.whl (71 kB)
rfc3339-strict	Install deps	2025-11-08T18:42:47.2174926Z Downloading rich-14.2.0-py3-none-any.whl (243 kB)
rfc3339-strict	Install deps	2025-11-08T18:42:47.2279304Z Downloading pygments-2.19.2-py3-none-any.whl (1.2 MB)
rfc3339-strict	Install deps	2025-11-08T18:42:47.2385798Z    â”â”â”â”â”â”â”â”â”â”â”â”â”â”â”â”â”â”â”â”â”â”â”â”â”â”â”â”â”â”â”â”â”â”â”â”â”â”â”â” 1.2/1.2 MB 118.2 MB/s  0:00:00
rfc3339-strict	Install deps	2025-11-08T18:42:47.2461722Z Downloading starlette-0.49.3-py3-none-any.whl (74 kB)
rfc3339-strict	Install deps	2025-11-08T18:42:47.2568315Z Downloading tenacity-9.1.2-py3-none-any.whl (28 kB)
rfc3339-strict	Install deps	2025-11-08T18:42:47.2669802Z Downloading typing_extensions-4.15.0-py3-none-any.whl (44 kB)
rfc3339-strict	Install deps	2025-11-08T18:42:47.2779622Z Downloading urllib3-2.5.0-py3-none-any.whl (129 kB)
rfc3339-strict	Install deps	2025-11-08T18:42:47.2899989Z Downloading yarl-1.22.0-cp311-cp311-manylinux2014_x86_64.manylinux_2_17_x86_64.manylinux_2_28_x86_64.whl (365 kB)
rfc3339-strict	Install deps	2025-11-08T18:42:47.3035177Z Downloading mcp-1.21.0-py3-none-any.whl (173 kB)
rfc3339-strict	Install deps	2025-11-08T18:42:47.3144870Z Downloading aiohappyeyeballs-2.6.1-py3-none-any.whl (15 kB)
rfc3339-strict	Install deps	2025-11-08T18:42:47.3257796Z Downloading aiosignal-1.4.0-py3-none-any.whl (7.5 kB)
rfc3339-strict	Install deps	2025-11-08T18:42:47.3360657Z Downloading annotated_doc-0.0.3-py3-none-any.whl (5.5 kB)
rfc3339-strict	Install deps	2025-11-08T18:42:47.3462038Z Downloading annotated_types-0.7.0-py3-none-any.whl (13 kB)
rfc3339-strict	Install deps	2025-11-08T18:42:47.3572031Z Downloading attrs-25.4.0-py3-none-any.whl (67 kB)
rfc3339-strict	Install deps	2025-11-08T18:42:47.3688421Z Downloading certifi-2025.10.5-py3-none-any.whl (163 kB)
rfc3339-strict	Install deps	2025-11-08T18:42:47.3811620Z Downloading click-8.3.0-py3-none-any.whl (107 kB)
rfc3339-strict	Install deps	2025-11-08T18:42:47.3940314Z Downloading coverage-7.11.1-cp311-cp311-manylinux1_x86_64.manylinux_2_28_x86_64.manylinux_2_5_x86_64.whl (249 kB)
rfc3339-strict	Install deps	2025-11-08T18:42:47.4055262Z Downloading diskcache-5.6.3-py3-none-any.whl (45 kB)
rfc3339-strict	Install deps	2025-11-08T18:42:47.4176399Z Downloading frozenlist-1.8.0-cp311-cp311-manylinux1_x86_64.manylinux_2_28_x86_64.manylinux_2_5_x86_64.whl (231 kB)
rfc3339-strict	Install deps	2025-11-08T18:42:47.4278124Z Downloading h11-0.16.0-py3-none-any.whl (37 kB)
rfc3339-strict	Install deps	2025-11-08T18:42:47.4390458Z Downloading httptools-0.7.1-cp311-cp311-manylinux1_x86_64.manylinux_2_28_x86_64.manylinux_2_5_x86_64.whl (456 kB)
rfc3339-strict	Install deps	2025-11-08T18:42:47.4511957Z Downloading httpx_sse-0.4.3-py3-none-any.whl (9.0 kB)
rfc3339-strict	Install deps	2025-11-08T18:42:47.4613517Z Downloading iniconfig-2.3.0-py3-none-any.whl (7.5 kB)
rfc3339-strict	Install deps	2025-11-08T18:42:47.4720660Z Downloading jsonschema_specifications-2025.9.1-py3-none-any.whl (18 kB)
rfc3339-strict	Install deps	2025-11-08T18:42:47.4857621Z Downloading langchain_core-1.0.4-py3-none-any.whl (471 kB)
rfc3339-strict	Install deps	2025-11-08T18:42:47.4987699Z Downloading jsonpatch-1.33-py2.py3-none-any.whl (12 kB)
rfc3339-strict	Install deps	2025-11-08T18:42:47.5102723Z Downloading langsmith-0.4.41-py3-none-any.whl (399 kB)
rfc3339-strict	Install deps	2025-11-08T18:42:47.5215344Z Downloading packaging-25.0-py3-none-any.whl (66 kB)
rfc3339-strict	Install deps	2025-11-08T18:42:47.5332492Z Downloading pyyaml-6.0.3-cp311-cp311-manylinux2014_x86_64.manylinux_2_17_x86_64.manylinux_2_28_x86_64.whl (806 kB)
rfc3339-strict	Install deps	2025-11-08T18:42:47.5435546Z    â”â”â”â”â”â”â”â”â”â”â”â”â”â”â”â”â”â”â”â”â”â”â”â”â”â”â”â”â”â”â”â”â”â”â”â”â”â”â”â” 806.6/806.6 kB 68.0 MB/s  0:00:00
rfc3339-strict	Install deps	2025-11-08T18:42:47.5511005Z Downloading jsonpointer-3.0.0-py2.py3-none-any.whl (7.6 kB)
rfc3339-strict	Install deps	2025-11-08T18:42:47.5609691Z Downloading markdown_it_py-4.0.0-py3-none-any.whl (87 kB)
rfc3339-strict	Install deps	2025-11-08T18:42:47.5717982Z Downloading mdurl-0.1.2-py3-none-any.whl (10.0 kB)
rfc3339-strict	Install deps	2025-11-08T18:42:47.5817697Z Downloading markupsafe-3.0.3-cp311-cp311-manylinux2014_x86_64.manylinux_2_17_x86_64.manylinux_2_28_x86_64.whl (22 kB)
rfc3339-strict	Install deps	2025-11-08T18:42:47.5922123Z Downloading mypy_extensions-1.1.0-py3-none-any.whl (5.0 kB)
rfc3339-strict	Install deps	2025-11-08T18:42:47.6025326Z Downloading orjson-3.11.4-cp311-cp311-manylinux_2_17_x86_64.manylinux2014_x86_64.whl (136 kB)
rfc3339-strict	Install deps	2025-11-08T18:42:47.6131938Z Downloading ormsgpack-1.12.0-cp311-cp311-manylinux_2_17_x86_64.manylinux2014_x86_64.whl (207 kB)
rfc3339-strict	Install deps	2025-11-08T18:42:47.6250463Z Downloading pathspec-0.12.1-py3-none-any.whl (31 kB)
rfc3339-strict	Install deps	2025-11-08T18:42:47.6358760Z Downloading pre_commit-4.3.0-py2.py3-none-any.whl (220 kB)
rfc3339-strict	Install deps	2025-11-08T18:42:47.6473047Z Downloading cfgv-3.4.0-py2.py3-none-any.whl (7.2 kB)
rfc3339-strict	Install deps	2025-11-08T18:42:47.6576045Z Downloading identify-2.6.15-py2.py3-none-any.whl (99 kB)
rfc3339-strict	Install deps	2025-11-08T18:42:47.6693600Z Downloading nodeenv-1.9.1-py2.py3-none-any.whl (22 kB)
rfc3339-strict	Install deps	2025-11-08T18:42:47.6807549Z Downloading propcache-0.4.1-cp311-cp311-manylinux2014_x86_64.manylinux_2_17_x86_64.manylinux_2_28_x86_64.whl (210 kB)
rfc3339-strict	Install deps	2025-11-08T18:42:47.7005513Z Downloading pydantic_settings-2.11.0-py3-none-any.whl (48 kB)
rfc3339-strict	Install deps	2025-11-08T18:42:47.7105641Z Downloading PyJWT-2.10.1-py3-none-any.whl (22 kB)
rfc3339-strict	Install deps	2025-11-08T18:42:47.7241216Z Downloading cryptography-46.0.3-cp311-abi3-manylinux_2_34_x86_64.whl (4.5 MB)
rfc3339-strict	Install deps	2025-11-08T18:42:47.7455295Z    â”â”â”â”â”â”â”â”â”â”â”â”â”â”â”â”â”â”â”â”â”â”â”â”â”â”â”â”â”â”â”â”â”â”â”â”â”â”â”â” 4.5/4.5 MB 217.9 MB/s  0:00:00
rfc3339-strict	Install deps	2025-11-08T18:42:47.7529907Z Downloading cffi-2.0.0-cp311-cp311-manylinux2014_x86_64.manylinux_2_17_x86_64.whl (215 kB)
rfc3339-strict	Install deps	2025-11-08T18:42:47.7641501Z Downloading python_dotenv-1.2.1-py3-none-any.whl (21 kB)
rfc3339-strict	Install deps	2025-11-08T18:42:47.7734844Z Downloading python_multipart-0.0.20-py3-none-any.whl (24 kB)
rfc3339-strict	Install deps	2025-11-08T18:42:47.7864842Z Downloading referencing-0.37.0-py3-none-any.whl (26 kB)
rfc3339-strict	Install deps	2025-11-08T18:42:47.7977934Z Downloading requests_toolbelt-1.0.0-py2.py3-none-any.whl (54 kB)
rfc3339-strict	Install deps	2025-11-08T18:42:47.8090409Z Downloading rpds_py-0.28.0-cp311-cp311-manylinux_2_17_x86_64.manylinux2014_x86_64.whl (382 kB)
rfc3339-strict	Install deps	2025-11-08T18:42:47.8207740Z Downloading shellingham-1.5.4-py2.py3-none-any.whl (9.8 kB)
rfc3339-strict	Install deps	2025-11-08T18:42:47.8311167Z Downloading sniffio-1.3.1-py3-none-any.whl (10 kB)
rfc3339-strict	Install deps	2025-11-08T18:42:47.8409459Z Downloading sse_starlette-3.0.3-py3-none-any.whl (11 kB)
rfc3339-strict	Install deps	2025-11-08T18:42:47.8502851Z Downloading tqdm-4.67.1-py3-none-any.whl (78 kB)
rfc3339-strict	Install deps	2025-11-08T18:42:47.8683930Z Downloading ty-0.0.1a25-py3-none-manylinux_2_17_x86_64.manylinux2014_x86_64.whl (9.0 MB)
rfc3339-strict	Install deps	2025-11-08T18:42:47.9248733Z    â”â”â”â”â”â”â”â”â”â”â”â”â”â”â”â”â”â”â”â”â”â”â”â”â”â”â”â”â”â”â”â”â”â”â”â”â”â”â”â” 9.0/9.0 MB 161.8 MB/s  0:00:00
rfc3339-strict	Install deps	2025-11-08T18:42:47.9321511Z Downloading typing_inspection-0.4.2-py3-none-any.whl (14 kB)
rfc3339-strict	Install deps	2025-11-08T18:42:47.9425206Z Downloading uvloop-0.22.1-cp311-cp311-manylinux2014_x86_64.manylinux_2_17_x86_64.manylinux_2_28_x86_64.whl (3.8 MB)
rfc3339-strict	Install deps	2025-11-08T18:42:47.9638354Z    â”â”â”â”â”â”â”â”â”â”â”â”â”â”â”â”â”â”â”â”â”â”â”â”â”â”â”â”â”â”â”â”â”â”â”â”â”â”â”â” 3.8/3.8 MB 189.9 MB/s  0:00:00
rfc3339-strict	Install deps	2025-11-08T18:42:47.9720774Z Downloading virtualenv-20.35.4-py3-none-any.whl (6.0 MB)
rfc3339-strict	Install deps	2025-11-08T18:42:48.0002899Z    â”â”â”â”â”â”â”â”â”â”â”â”â”â”â”â”â”â”â”â”â”â”â”â”â”â”â”â”â”â”â”â”â”â”â”â”â”â”â”â” 6.0/6.0 MB 222.5 MB/s  0:00:00
rfc3339-strict	Install deps	2025-11-08T18:42:48.0081129Z Downloading distlib-0.4.0-py2.py3-none-any.whl (469 kB)
rfc3339-strict	Install deps	2025-11-08T18:42:48.0202744Z Downloading filelock-3.20.0-py3-none-any.whl (16 kB)
rfc3339-strict	Install deps	2025-11-08T18:42:48.0311468Z Downloading platformdirs-4.5.0-py3-none-any.whl (18 kB)
rfc3339-strict	Install deps	2025-11-08T18:42:48.0412542Z Downloading watchfiles-1.1.1-cp311-cp311-manylinux_2_17_x86_64.manylinux2014_x86_64.whl (456 kB)
rfc3339-strict	Install deps	2025-11-08T18:42:48.0543278Z Downloading websockets-15.0.1-cp311-cp311-manylinux_2_5_x86_64.manylinux1_x86_64.manylinux_2_17_x86_64.manylinux2014_x86_64.whl (182 kB)
rfc3339-strict	Install deps	2025-11-08T18:42:48.0655745Z Downloading xxhash-3.6.0-cp311-cp311-manylinux2014_x86_64.manylinux_2_17_x86_64.manylinux_2_28_x86_64.whl (193 kB)
rfc3339-strict	Install deps	2025-11-08T18:42:48.0761674Z Downloading zstandard-0.25.0-cp311-cp311-manylinux2014_x86_64.manylinux_2_17_x86_64.whl (5.6 MB)
rfc3339-strict	Install deps	2025-11-08T18:42:48.1049101Z    â”â”â”â”â”â”â”â”â”â”â”â”â”â”â”â”â”â”â”â”â”â”â”â”â”â”â”â”â”â”â”â”â”â”â”â”â”â”â”â” 5.6/5.6 MB 203.5 MB/s  0:00:00
rfc3339-strict	Install deps	2025-11-08T18:42:48.1129469Z Downloading numpy-2.3.4-cp311-cp311-manylinux_2_27_x86_64.manylinux_2_28_x86_64.whl (16.9 MB)
rfc3339-strict	Install deps	2025-11-08T18:42:48.1821049Z    â”â”â”â”â”â”â”â”â”â”â”â”â”â”â”â”â”â”â”â”â”â”â”â”â”â”â”â”â”â”â”â”â”â”â”â”â”â”â”â” 16.9/16.9 MB 248.9 MB/s  0:00:00
rfc3339-strict	Install deps	2025-11-08T18:42:48.1898357Z Downloading pycparser-2.23-py3-none-any.whl (118 kB)
rfc3339-strict	Install deps	2025-11-08T18:42:48.5383156Z Installing collected packages: mpmath, distlib, zstandard, xxhash, websockets, uvloop, urllib3, typing-extensions, ty, tqdm, tenacity, sympy, sniffio, shellingham, ruff, rpds-py, pyyaml, python-multipart, python-dotenv, pyparsing, pyjwt, pygments, pycparser, psycopg-binary, propcache, pluggy, platformdirs, pathspec, packaging, ormsgpack, orjson, numpy, nodeenv, networkx, mypy_extensions, multidict, mdurl, MarkupSafe, jsonpointer, jiter, iniconfig, idna, identify, httpx-sse, httptools, h11, frozenlist, filelock, docstring-parser, distro, diskcache, coverage, click, charset_normalizer, cfgv, certifi, attrs, annotated-types, annotated-doc, aiohappyeyeballs, yarl, virtualenv, uvicorn, typing-inspection, requests, referencing, rdflib, pytest, pydantic-core, psycopg, pgvector, mypy, markdown-it-py, jsonpatch, jinja2, httpcore, cffi, anyio, aiosignal, watchfiles, starlette, sse-starlette, rich, requests-toolbelt, pytest-cov, pydantic, pre-commit, jsonschema-specifications, httpx, cryptography, aiohttp, typer, pydantic-settings, openai, langsmith, langgraph-sdk, jsonschema, fastapi, mcp, langchain-core, instructor, langgraph-checkpoint, langgraph-prebuilt, langgraph
rfc3339-strict	Install deps	2025-11-08T18:43:04.5446377Z 
rfc3339-strict	Install deps	2025-11-08T18:43:04.5499386Z Successfully installed MarkupSafe-3.0.3 aiohappyeyeballs-2.6.1 aiohttp-3.13.2 aiosignal-1.4.0 annotated-doc-0.0.3 annotated-types-0.7.0 anyio-4.11.0 attrs-25.4.0 certifi-2025.10.5 cffi-2.0.0 cfgv-3.4.0 charset_normalizer-3.4.4 click-8.3.0 coverage-7.11.1 cryptography-46.0.3 diskcache-5.6.3 distlib-0.4.0 distro-1.9.0 docstring-parser-0.17.0 fastapi-0.121.0 filelock-3.20.0 frozenlist-1.8.0 h11-0.16.0 httpcore-1.0.9 httptools-0.7.1 httpx-0.28.1 httpx-sse-0.4.3 identify-2.6.15 idna-3.11 iniconfig-2.3.0 instructor-1.13.0 jinja2-3.1.6 jiter-0.11.1 jsonpatch-1.33 jsonpointer-3.0.0 jsonschema-4.25.1 jsonschema-specifications-2025.9.1 langchain-core-1.0.4 langgraph-0.6.11 langgraph-checkpoint-3.0.1 langgraph-prebuilt-0.6.5 langgraph-sdk-0.2.9 langsmith-0.4.41 markdown-it-py-4.0.0 mcp-1.21.0 mdurl-0.1.2 mpmath-1.3.0 multidict-6.7.0 mypy-1.18.2 mypy_extensions-1.1.0 networkx-3.5 nodeenv-1.9.1 numpy-2.3.4 openai-2.7.1 orjson-3.11.4 ormsgpack-1.12.0 packaging-25.0 pathspec-0.12.1 pgvector-0.4.1 platformdirs-4.5.0 pluggy-1.6.0 pre-commit-4.3.0 propcache-0.4.1 psycopg-3.2.12 psycopg-binary-3.2.12 pycparser-2.23 pydantic-2.12.4 pydantic-core-2.41.5 pydantic-settings-2.11.0 pygments-2.19.2 pyjwt-2.10.1 pyparsing-3.2.5 pytest-8.4.2 pytest-cov-5.0.0 python-dotenv-1.2.1 python-multipart-0.0.20 pyyaml-6.0.3 rdflib-7.4.0 referencing-0.37.0 requests-2.32.5 requests-toolbelt-1.0.0 rich-14.2.0 rpds-py-0.28.0 ruff-0.14.4 shellingham-1.5.4 sniffio-1.3.1 sse-starlette-3.0.3 starlette-0.49.3 sympy-1.14.0 tenacity-9.1.2 tqdm-4.67.1 ty-0.0.1a25 typer-0.20.0 typing-extensions-4.15.0 typing-inspection-0.4.2 urllib3-2.5.0 uvicorn-0.38.0 uvloop-0.22.1 virtualenv-20.35.4 watchfiles-1.1.1 websockets-15.0.1 xxhash-3.6.0 yarl-1.22.0 zstandard-0.25.0
rfc3339-strict	Normalize export timestamps (if files exist)	ï»¿2025-11-08T18:43:05.9013822Z ##[group]Run python3 << 'EOF'
rfc3339-strict	Normalize export timestamps (if files exist)	2025-11-08T18:43:05.9014137Z [36;1mpython3 << 'EOF'[0m
rfc3339-strict	Normalize export timestamps (if files exist)	2025-11-08T18:43:05.9014338Z [36;1mimport json[0m
rfc3339-strict	Normalize export timestamps (if files exist)	2025-11-08T18:43:05.9014520Z [36;1mimport os[0m
rfc3339-strict	Normalize export timestamps (if files exist)	2025-11-08T18:43:05.9014728Z [36;1mfrom datetime import datetime, UTC[0m
rfc3339-strict	Normalize export timestamps (if files exist)	2025-11-08T18:43:05.9015135Z [36;1mfrom pathlib import Path[0m
rfc3339-strict	Normalize export timestamps (if files exist)	2025-11-08T18:43:05.9015370Z [36;1m[0m
rfc3339-strict	Normalize export timestamps (if files exist)	2025-11-08T18:43:05.9015547Z [36;1mdef normalize_timestamp(path):[0m
rfc3339-strict	Normalize export timestamps (if files exist)	2025-11-08T18:43:05.9015817Z [36;1m    if not Path(path).exists():[0m
rfc3339-strict	Normalize export timestamps (if files exist)	2025-11-08T18:43:05.9016052Z [36;1m        return[0m
rfc3339-strict	Normalize export timestamps (if files exist)	2025-11-08T18:43:05.9016242Z [36;1m    try:[0m
rfc3339-strict	Normalize export timestamps (if files exist)	2025-11-08T18:43:05.9016478Z [36;1m        with open(path, 'r', encoding='utf-8') as f:[0m
rfc3339-strict	Normalize export timestamps (if files exist)	2025-11-08T18:43:05.9016772Z [36;1m            data = json.load(f)[0m
rfc3339-strict	Normalize export timestamps (if files exist)	2025-11-08T18:43:05.9016993Z [36;1m        [0m
rfc3339-strict	Normalize export timestamps (if files exist)	2025-11-08T18:43:05.9017182Z [36;1m        # Normalize generated_at to RFC3339[0m
rfc3339-strict	Normalize export timestamps (if files exist)	2025-11-08T18:43:05.9017451Z [36;1m        ts = data.get('generated_at')[0m
rfc3339-strict	Normalize export timestamps (if files exist)	2025-11-08T18:43:05.9017712Z [36;1m        if ts and not isinstance(ts, str):[0m
rfc3339-strict	Normalize export timestamps (if files exist)	2025-11-08T18:43:05.9018007Z [36;1m            # Legacy numeric epoch[0m
rfc3339-strict	Normalize export timestamps (if files exist)	2025-11-08T18:43:05.9018364Z [36;1m            data['generated_at'] = datetime.fromtimestamp(float(ts), UTC).isoformat()[0m
rfc3339-strict	Normalize export timestamps (if files exist)	2025-11-08T18:43:05.9018741Z [36;1m        elif not ts or not ts.startswith('20'):[0m
rfc3339-strict	Normalize export timestamps (if files exist)	2025-11-08T18:43:05.9019023Z [36;1m            # Missing or invalid, set to now[0m
rfc3339-strict	Normalize export timestamps (if files exist)	2025-11-08T18:43:05.9019330Z [36;1m            data['generated_at'] = datetime.now(UTC).isoformat()[0m
rfc3339-strict	Normalize export timestamps (if files exist)	2025-11-08T18:43:05.9019614Z [36;1m        [0m
rfc3339-strict	Normalize export timestamps (if files exist)	2025-11-08T18:43:05.9019845Z [36;1m        # Ensure metadata.source for fast-lane contract[0m
rfc3339-strict	Normalize export timestamps (if files exist)	2025-11-08T18:43:05.9020139Z [36;1m        if 'metadata' not in data:[0m
rfc3339-strict	Normalize export timestamps (if files exist)	2025-11-08T18:43:05.9020388Z [36;1m            data['metadata'] = {}[0m
rfc3339-strict	Normalize export timestamps (if files exist)	2025-11-08T18:43:05.9020689Z [36;1m        if data['metadata'].get('source') != 'fallback_fast_lane':[0m
rfc3339-strict	Normalize export timestamps (if files exist)	2025-11-08T18:43:05.9021035Z [36;1m            data['metadata']['source'] = 'fallback_fast_lane'[0m
rfc3339-strict	Normalize export timestamps (if files exist)	2025-11-08T18:43:05.9021309Z [36;1m        [0m
rfc3339-strict	Normalize export timestamps (if files exist)	2025-11-08T18:43:05.9021526Z [36;1m        with open(path, 'w', encoding='utf-8') as f:[0m
rfc3339-strict	Normalize export timestamps (if files exist)	2025-11-08T18:43:05.9021864Z [36;1m            json.dump(data, f, ensure_ascii=False, indent=2)[0m
rfc3339-strict	Normalize export timestamps (if files exist)	2025-11-08T18:43:05.9022145Z [36;1m            f.write('\n')[0m
rfc3339-strict	Normalize export timestamps (if files exist)	2025-11-08T18:43:05.9022386Z [36;1m        print(f"Normalized {path}")[0m
rfc3339-strict	Normalize export timestamps (if files exist)	2025-11-08T18:43:05.9022639Z [36;1m    except Exception as e:[0m
rfc3339-strict	Normalize export timestamps (if files exist)	2025-11-08T18:43:05.9022909Z [36;1m        print(f"Warning: Could not normalize {path}: {e}")[0m
rfc3339-strict	Normalize export timestamps (if files exist)	2025-11-08T18:43:05.9023184Z [36;1m[0m
rfc3339-strict	Normalize export timestamps (if files exist)	2025-11-08T18:43:05.9023399Z [36;1mnormalize_timestamp('exports/graph_latest.json')[0m
rfc3339-strict	Normalize export timestamps (if files exist)	2025-11-08T18:43:05.9023738Z [36;1mnormalize_timestamp('exports/graph_stats.json')[0m
rfc3339-strict	Normalize export timestamps (if files exist)	2025-11-08T18:43:05.9024002Z [36;1mEOF[0m
rfc3339-strict	Normalize export timestamps (if files exist)	2025-11-08T18:43:05.9058711Z shell: /usr/bin/bash -e {0}
rfc3339-strict	Normalize export timestamps (if files exist)	2025-11-08T18:43:05.9058929Z env:
rfc3339-strict	Normalize export timestamps (if files exist)	2025-11-08T18:43:05.9059158Z   pythonLocation: /opt/hostedtoolcache/Python/3.11.14/x64
rfc3339-strict	Normalize export timestamps (if files exist)	2025-11-08T18:43:05.9059574Z   PKG_CONFIG_PATH: /opt/hostedtoolcache/Python/3.11.14/x64/lib/pkgconfig
rfc3339-strict	Normalize export timestamps (if files exist)	2025-11-08T18:43:05.9059969Z   Python_ROOT_DIR: /opt/hostedtoolcache/Python/3.11.14/x64
rfc3339-strict	Normalize export timestamps (if files exist)	2025-11-08T18:43:05.9060306Z   Python2_ROOT_DIR: /opt/hostedtoolcache/Python/3.11.14/x64
rfc3339-strict	Normalize export timestamps (if files exist)	2025-11-08T18:43:05.9060645Z   Python3_ROOT_DIR: /opt/hostedtoolcache/Python/3.11.14/x64
rfc3339-strict	Normalize export timestamps (if files exist)	2025-11-08T18:43:05.9060978Z   LD_LIBRARY_PATH: /opt/hostedtoolcache/Python/3.11.14/x64/lib
rfc3339-strict	Normalize export timestamps (if files exist)	2025-11-08T18:43:05.9061254Z ##[endgroup]
rfc3339-strict	Normalize export timestamps (if files exist)	2025-11-08T18:43:05.9615183Z Normalized exports/graph_latest.json
rfc3339-strict	Normalize export timestamps (if files exist)	2025-11-08T18:43:05.9616031Z Normalized exports/graph_stats.json
rfc3339-strict	STRICT guard (graph exports)	ï»¿2025-11-08T18:43:05.9679751Z ##[group]Run STRICT_RFC3339=1 make guard.graph.generated_at
rfc3339-strict	STRICT guard (graph exports)	2025-11-08T18:43:05.9680315Z [36;1mSTRICT_RFC3339=1 make guard.graph.generated_at[0m
rfc3339-strict	STRICT guard (graph exports)	2025-11-08T18:43:05.9712537Z shell: /usr/bin/bash -e {0}
rfc3339-strict	STRICT guard (graph exports)	2025-11-08T18:43:05.9712758Z env:
rfc3339-strict	STRICT guard (graph exports)	2025-11-08T18:43:05.9712990Z   pythonLocation: /opt/hostedtoolcache/Python/3.11.14/x64
rfc3339-strict	STRICT guard (graph exports)	2025-11-08T18:43:05.9713404Z   PKG_CONFIG_PATH: /opt/hostedtoolcache/Python/3.11.14/x64/lib/pkgconfig
rfc3339-strict	STRICT guard (graph exports)	2025-11-08T18:43:05.9713792Z   Python_ROOT_DIR: /opt/hostedtoolcache/Python/3.11.14/x64
rfc3339-strict	STRICT guard (graph exports)	2025-11-08T18:43:05.9714136Z   Python2_ROOT_DIR: /opt/hostedtoolcache/Python/3.11.14/x64
rfc3339-strict	STRICT guard (graph exports)	2025-11-08T18:43:05.9714478Z   Python3_ROOT_DIR: /opt/hostedtoolcache/Python/3.11.14/x64
rfc3339-strict	STRICT guard (graph exports)	2025-11-08T18:43:05.9714813Z   LD_LIBRARY_PATH: /opt/hostedtoolcache/Python/3.11.14/x64/lib
rfc3339-strict	STRICT guard (graph exports)	2025-11-08T18:43:05.9715277Z ##[endgroup]
rfc3339-strict	STRICT guard (graph exports)	2025-11-08T18:43:05.9925491Z Makefile:386: warning: overriding recipe for target 'phase8.temporal'
rfc3339-strict	STRICT guard (graph exports)	2025-11-08T18:43:05.9927734Z Makefile:291: warning: ignoring old recipe for target 'phase8.temporal'
rfc3339-strict	STRICT guard (graph exports)	2025-11-08T18:43:05.9936082Z >> Validating graph exports generated_at (RFC3339)â€¦
rfc3339-strict	STRICT guard (graph exports)	2025-11-08T18:43:06.0169314Z OK: exports/graph_latest.json: generated_at RFC3339 = 2025-11-08T17:40:46.778824+00:00
rfc3339-strict	STRICT guard (graph exports)	2025-11-08T18:43:06.0170352Z OK: exports/graph_latest.json: metadata.source=fallback_fast_lane present.
rfc3339-strict	STRICT guard (graph exports)	2025-11-08T18:43:06.0172085Z OK: exports/graph_stats.json: generated_at RFC3339 = 2025-11-08T17:40:46.781962+00:00
rfc3339-strict	STRICT guard (graph exports)	2025-11-08T18:43:06.0173064Z OK: exports/graph_stats.json: metadata.source=fallback_fast_lane present.
rfc3339-strict	Post Run actions/setup-python@v5	ï»¿2025-11-08T18:43:06.0268548Z Post job cleanup.
rfc3339-strict	Post Run actions/checkout@v4	ï»¿2025-11-08T18:43:06.1893733Z Post job cleanup.
rfc3339-strict	Post Run actions/checkout@v4	2025-11-08T18:43:06.2827490Z [command]/usr/bin/git version
rfc3339-strict	Post Run actions/checkout@v4	2025-11-08T18:43:06.2863482Z git version 2.51.2
rfc3339-strict	Post Run actions/checkout@v4	2025-11-08T18:43:06.2905115Z Temporarily overriding HOME='/home/runner/work/_temp/2609007d-7565-4d85-9822-3a94834c2a36' before making global git config changes
rfc3339-strict	Post Run actions/checkout@v4	2025-11-08T18:43:06.2906029Z Adding repository directory to the temporary git global config as a safe directory
rfc3339-strict	Post Run actions/checkout@v4	2025-11-08T18:43:06.2917236Z [command]/usr/bin/git config --global --add safe.directory /home/runner/work/Gemantria/Gemantria
rfc3339-strict	Post Run actions/checkout@v4	2025-11-08T18:43:06.2950995Z [command]/usr/bin/git config --local --name-only --get-regexp core\.sshCommand
rfc3339-strict	Post Run actions/checkout@v4	2025-11-08T18:43:06.2982779Z [command]/usr/bin/git submodule foreach --recursive sh -c "git config --local --name-only --get-regexp 'core\.sshCommand' && git config --local --unset-all 'core.sshCommand' || :"
rfc3339-strict	Post Run actions/checkout@v4	2025-11-08T18:43:06.3245802Z [command]/usr/bin/git config --local --name-only --get-regexp http\.https\:\/\/github\.com\/\.extraheader
rfc3339-strict	Post Run actions/checkout@v4	2025-11-08T18:43:06.3271055Z http.https://github.com/.extraheader
rfc3339-strict	Post Run actions/checkout@v4	2025-11-08T18:43:06.3283010Z [command]/usr/bin/git config --local --unset-all http.https://github.com/.extraheader
rfc3339-strict	Post Run actions/checkout@v4	2025-11-08T18:43:06.3316314Z [command]/usr/bin/git submodule foreach --recursive sh -c "git config --local --name-only --get-regexp 'http\.https\:\/\/github\.com\/\.extraheader' && git config --local --unset-all 'http.https://github.com/.extraheader' || :"
rfc3339-strict	Complete job	ï»¿2025-11-08T18:43:06.3680632Z Cleaning up orphan processes
