extraction-accuracy	Set up job	ï»¿2025-11-09T04:32:08.6919434Z Current runner version: '2.329.0'
extraction-accuracy	Set up job	2025-11-09T04:32:08.6943481Z ##[group]Runner Image Provisioner
extraction-accuracy	Set up job	2025-11-09T04:32:08.6944357Z Hosted Compute Agent
extraction-accuracy	Set up job	2025-11-09T04:32:08.6944897Z Version: 20251016.436
extraction-accuracy	Set up job	2025-11-09T04:32:08.6945485Z Commit: 8ab8ac8bfd662a3739dab9fe09456aba92132568
extraction-accuracy	Set up job	2025-11-09T04:32:08.6946234Z Build Date: 2025-10-15T20:44:12Z
extraction-accuracy	Set up job	2025-11-09T04:32:08.6946786Z ##[endgroup]
extraction-accuracy	Set up job	2025-11-09T04:32:08.6947344Z ##[group]Operating System
extraction-accuracy	Set up job	2025-11-09T04:32:08.6947896Z Ubuntu
extraction-accuracy	Set up job	2025-11-09T04:32:08.6948395Z 24.04.3
extraction-accuracy	Set up job	2025-11-09T04:32:08.6948815Z LTS
extraction-accuracy	Set up job	2025-11-09T04:32:08.6949634Z ##[endgroup]
extraction-accuracy	Set up job	2025-11-09T04:32:08.6950159Z ##[group]Runner Image
extraction-accuracy	Set up job	2025-11-09T04:32:08.6950693Z Image: ubuntu-24.04
extraction-accuracy	Set up job	2025-11-09T04:32:08.6951243Z Version: 20251102.99.1
extraction-accuracy	Set up job	2025-11-09T04:32:08.6952235Z Included Software: https://github.com/actions/runner-images/blob/ubuntu24/20251102.99/images/ubuntu/Ubuntu2404-Readme.md
extraction-accuracy	Set up job	2025-11-09T04:32:08.6953603Z Image Release: https://github.com/actions/runner-images/releases/tag/ubuntu24%2F20251102.99
extraction-accuracy	Set up job	2025-11-09T04:32:08.6954777Z ##[endgroup]
extraction-accuracy	Set up job	2025-11-09T04:32:08.6955764Z ##[group]GITHUB_TOKEN Permissions
extraction-accuracy	Set up job	2025-11-09T04:32:08.6958279Z Contents: read
extraction-accuracy	Set up job	2025-11-09T04:32:08.6958838Z Metadata: read
extraction-accuracy	Set up job	2025-11-09T04:32:08.6959625Z ##[endgroup]
extraction-accuracy	Set up job	2025-11-09T04:32:08.6961684Z Secret source: Actions
extraction-accuracy	Set up job	2025-11-09T04:32:08.6962794Z Prepare workflow directory
extraction-accuracy	Set up job	2025-11-09T04:32:08.7287970Z Prepare all required actions
extraction-accuracy	Set up job	2025-11-09T04:32:08.7325127Z Getting action download info
extraction-accuracy	Set up job	2025-11-09T04:32:09.0921318Z Download action repository 'actions/setup-python@v5' (SHA:a26af69be951a213d495a4c3e4e4022e16d87065)
extraction-accuracy	Set up job	2025-11-09T04:32:09.5520069Z Download action repository 'actions/checkout@v4' (SHA:08eba0b27e820071cde6df949e0beb9ba4906955)
extraction-accuracy	Set up job	2025-11-09T04:32:09.6039600Z Download action repository 'actions/upload-artifact@v4' (SHA:ea165f8d65b6e75b540449e92b4886f43607fa02)
extraction-accuracy	Set up job	2025-11-09T04:32:09.8555931Z Complete job name: extraction-accuracy
extraction-accuracy	Setup Python	ï»¿2025-11-09T04:32:09.9258704Z ##[group]Run actions/setup-python@v5
extraction-accuracy	Setup Python	2025-11-09T04:32:09.9259839Z with:
extraction-accuracy	Setup Python	2025-11-09T04:32:09.9260305Z   python-version: 3.11
extraction-accuracy	Setup Python	2025-11-09T04:32:09.9260768Z   check-latest: false
extraction-accuracy	Setup Python	2025-11-09T04:32:09.9261404Z   token: ***
extraction-accuracy	Setup Python	2025-11-09T04:32:09.9261831Z   update-environment: true
extraction-accuracy	Setup Python	2025-11-09T04:32:09.9262336Z   allow-prereleases: false
extraction-accuracy	Setup Python	2025-11-09T04:32:09.9262824Z   freethreaded: false
extraction-accuracy	Setup Python	2025-11-09T04:32:09.9263492Z ##[endgroup]
extraction-accuracy	Setup Python	2025-11-09T04:32:10.1012849Z ##[group]Installed versions
extraction-accuracy	Setup Python	2025-11-09T04:32:10.1545613Z Successfully set up CPython (3.11.14)
extraction-accuracy	Setup Python	2025-11-09T04:32:10.1547505Z ##[endgroup]
extraction-accuracy	Checkout	ï»¿2025-11-09T04:32:10.1794018Z ##[group]Run actions/checkout@v4
extraction-accuracy	Checkout	2025-11-09T04:32:10.1794593Z with:
extraction-accuracy	Checkout	2025-11-09T04:32:10.1795017Z   repository: iog-creator/Gemantria
extraction-accuracy	Checkout	2025-11-09T04:32:10.1795716Z   token: ***
extraction-accuracy	Checkout	2025-11-09T04:32:10.1796134Z   ssh-strict: true
extraction-accuracy	Checkout	2025-11-09T04:32:10.1796546Z   ssh-user: git
extraction-accuracy	Checkout	2025-11-09T04:32:10.1796974Z   persist-credentials: true
extraction-accuracy	Checkout	2025-11-09T04:32:10.1797451Z   clean: true
extraction-accuracy	Checkout	2025-11-09T04:32:10.1797906Z   sparse-checkout-cone-mode: true
extraction-accuracy	Checkout	2025-11-09T04:32:10.1798435Z   fetch-depth: 1
extraction-accuracy	Checkout	2025-11-09T04:32:10.1799085Z   fetch-tags: false
extraction-accuracy	Checkout	2025-11-09T04:32:10.1799612Z   show-progress: true
extraction-accuracy	Checkout	2025-11-09T04:32:10.1800063Z   lfs: false
extraction-accuracy	Checkout	2025-11-09T04:32:10.1800468Z   submodules: false
extraction-accuracy	Checkout	2025-11-09T04:32:10.1800920Z   set-safe-directory: true
extraction-accuracy	Checkout	2025-11-09T04:32:10.1801406Z env:
extraction-accuracy	Checkout	2025-11-09T04:32:10.1801950Z   pythonLocation: /opt/hostedtoolcache/Python/3.11.14/x64
extraction-accuracy	Checkout	2025-11-09T04:32:10.1802823Z   PKG_CONFIG_PATH: /opt/hostedtoolcache/Python/3.11.14/x64/lib/pkgconfig
extraction-accuracy	Checkout	2025-11-09T04:32:10.1803665Z   Python_ROOT_DIR: /opt/hostedtoolcache/Python/3.11.14/x64
extraction-accuracy	Checkout	2025-11-09T04:32:10.1804451Z   Python2_ROOT_DIR: /opt/hostedtoolcache/Python/3.11.14/x64
extraction-accuracy	Checkout	2025-11-09T04:32:10.1805209Z   Python3_ROOT_DIR: /opt/hostedtoolcache/Python/3.11.14/x64
extraction-accuracy	Checkout	2025-11-09T04:32:10.1805961Z   LD_LIBRARY_PATH: /opt/hostedtoolcache/Python/3.11.14/x64/lib
extraction-accuracy	Checkout	2025-11-09T04:32:10.1806591Z ##[endgroup]
extraction-accuracy	Checkout	2025-11-09T04:32:10.2840110Z Syncing repository: iog-creator/Gemantria
extraction-accuracy	Checkout	2025-11-09T04:32:10.2842161Z ##[group]Getting Git version info
extraction-accuracy	Checkout	2025-11-09T04:32:10.2843480Z Working directory is '/home/runner/work/Gemantria/Gemantria'
extraction-accuracy	Checkout	2025-11-09T04:32:10.2911484Z [command]/usr/bin/git version
extraction-accuracy	Checkout	2025-11-09T04:32:10.3821042Z git version 2.51.2
extraction-accuracy	Checkout	2025-11-09T04:32:10.3847799Z ##[endgroup]
extraction-accuracy	Checkout	2025-11-09T04:32:10.3871028Z Temporarily overriding HOME='/home/runner/work/_temp/5d339344-95c9-4155-b2f1-83c3035eb6fd' before making global git config changes
extraction-accuracy	Checkout	2025-11-09T04:32:10.3873761Z Adding repository directory to the temporary git global config as a safe directory
extraction-accuracy	Checkout	2025-11-09T04:32:10.3877114Z [command]/usr/bin/git config --global --add safe.directory /home/runner/work/Gemantria/Gemantria
extraction-accuracy	Checkout	2025-11-09T04:32:10.3948028Z Deleting the contents of '/home/runner/work/Gemantria/Gemantria'
extraction-accuracy	Checkout	2025-11-09T04:32:10.3952641Z ##[group]Initializing the repository
extraction-accuracy	Checkout	2025-11-09T04:32:10.3957383Z [command]/usr/bin/git init /home/runner/work/Gemantria/Gemantria
extraction-accuracy	Checkout	2025-11-09T04:32:10.4755892Z hint: Using 'master' as the name for the initial branch. This default branch name
extraction-accuracy	Checkout	2025-11-09T04:32:10.4757644Z hint: is subject to change. To configure the initial branch name to use in all
extraction-accuracy	Checkout	2025-11-09T04:32:10.4759148Z hint: of your new repositories, which will suppress this warning, call:
extraction-accuracy	Checkout	2025-11-09T04:32:10.4760090Z hint:
extraction-accuracy	Checkout	2025-11-09T04:32:10.4760818Z hint: 	git config --global init.defaultBranch <name>
extraction-accuracy	Checkout	2025-11-09T04:32:10.4761596Z hint:
extraction-accuracy	Checkout	2025-11-09T04:32:10.4762300Z hint: Names commonly chosen instead of 'master' are 'main', 'trunk' and
extraction-accuracy	Checkout	2025-11-09T04:32:10.4763716Z hint: 'development'. The just-created branch can be renamed via this command:
extraction-accuracy	Checkout	2025-11-09T04:32:10.4765160Z hint:
extraction-accuracy	Checkout	2025-11-09T04:32:10.4766009Z hint: 	git branch -m <name>
extraction-accuracy	Checkout	2025-11-09T04:32:10.4767013Z hint:
extraction-accuracy	Checkout	2025-11-09T04:32:10.4768195Z hint: Disable this message with "git config set advice.defaultBranchName false"
extraction-accuracy	Checkout	2025-11-09T04:32:10.4820785Z Initialized empty Git repository in /home/runner/work/Gemantria/Gemantria/.git/
extraction-accuracy	Checkout	2025-11-09T04:32:10.4832243Z [command]/usr/bin/git remote add origin https://github.com/iog-creator/Gemantria
extraction-accuracy	Checkout	2025-11-09T04:32:10.4907354Z ##[endgroup]
extraction-accuracy	Checkout	2025-11-09T04:32:10.4909576Z ##[group]Disabling automatic garbage collection
extraction-accuracy	Checkout	2025-11-09T04:32:10.4911147Z [command]/usr/bin/git config --local gc.auto 0
extraction-accuracy	Checkout	2025-11-09T04:32:10.4941058Z ##[endgroup]
extraction-accuracy	Checkout	2025-11-09T04:32:10.4942224Z ##[group]Setting up auth
extraction-accuracy	Checkout	2025-11-09T04:32:10.4947921Z [command]/usr/bin/git config --local --name-only --get-regexp core\.sshCommand
extraction-accuracy	Checkout	2025-11-09T04:32:10.4977603Z [command]/usr/bin/git submodule foreach --recursive sh -c "git config --local --name-only --get-regexp 'core\.sshCommand' && git config --local --unset-all 'core.sshCommand' || :"
extraction-accuracy	Checkout	2025-11-09T04:32:10.6572684Z [command]/usr/bin/git config --local --name-only --get-regexp http\.https\:\/\/github\.com\/\.extraheader
extraction-accuracy	Checkout	2025-11-09T04:32:10.6608379Z [command]/usr/bin/git submodule foreach --recursive sh -c "git config --local --name-only --get-regexp 'http\.https\:\/\/github\.com\/\.extraheader' && git config --local --unset-all 'http.https://github.com/.extraheader' || :"
extraction-accuracy	Checkout	2025-11-09T04:32:10.6855950Z [command]/usr/bin/git config --local http.https://github.com/.extraheader AUTHORIZATION: basic ***
extraction-accuracy	Checkout	2025-11-09T04:32:10.6892896Z ##[endgroup]
extraction-accuracy	Checkout	2025-11-09T04:32:10.6894187Z ##[group]Fetching the repository
extraction-accuracy	Checkout	2025-11-09T04:32:10.6904947Z [command]/usr/bin/git -c protocol.version=2 fetch --no-tags --prune --no-recurse-submodules --depth=1 origin +65e68a3678156c822d9834f03c7960a8d6c1a6d1:refs/tags/v0.1.0-rc20
extraction-accuracy	Checkout	2025-11-09T04:32:12.6456633Z From https://github.com/iog-creator/Gemantria
extraction-accuracy	Checkout	2025-11-09T04:32:12.6460068Z  * [new ref]         65e68a3678156c822d9834f03c7960a8d6c1a6d1 -> v0.1.0-rc20
extraction-accuracy	Checkout	2025-11-09T04:32:12.6550694Z ##[endgroup]
extraction-accuracy	Checkout	2025-11-09T04:32:12.6551631Z ##[group]Determining the checkout info
extraction-accuracy	Checkout	2025-11-09T04:32:12.6553296Z ##[endgroup]
extraction-accuracy	Checkout	2025-11-09T04:32:12.6558739Z [command]/usr/bin/git sparse-checkout disable
extraction-accuracy	Checkout	2025-11-09T04:32:12.6659208Z [command]/usr/bin/git config --local --unset-all extensions.worktreeConfig
extraction-accuracy	Checkout	2025-11-09T04:32:12.6686974Z ##[group]Checking out the ref
extraction-accuracy	Checkout	2025-11-09T04:32:12.6691235Z [command]/usr/bin/git checkout --progress --force refs/tags/v0.1.0-rc20
extraction-accuracy	Checkout	2025-11-09T04:32:13.6750783Z Note: switching to 'refs/tags/v0.1.0-rc20'.
extraction-accuracy	Checkout	2025-11-09T04:32:13.6755338Z 
extraction-accuracy	Checkout	2025-11-09T04:32:13.6755820Z You are in 'detached HEAD' state. You can look around, make experimental
extraction-accuracy	Checkout	2025-11-09T04:32:13.6756776Z changes and commit them, and you can discard any commits you make in this
extraction-accuracy	Checkout	2025-11-09T04:32:13.6757796Z state without impacting any branches by switching back to a branch.
extraction-accuracy	Checkout	2025-11-09T04:32:13.6758517Z 
extraction-accuracy	Checkout	2025-11-09T04:32:13.6759197Z If you want to create a new branch to retain commits you create, you may
extraction-accuracy	Checkout	2025-11-09T04:32:13.6760287Z do so (now or later) by using -c with the switch command. Example:
extraction-accuracy	Checkout	2025-11-09T04:32:13.6760921Z 
extraction-accuracy	Checkout	2025-11-09T04:32:13.6761161Z   git switch -c <new-branch-name>
extraction-accuracy	Checkout	2025-11-09T04:32:13.6761552Z 
extraction-accuracy	Checkout	2025-11-09T04:32:13.6761758Z Or undo this operation with:
extraction-accuracy	Checkout	2025-11-09T04:32:13.6762079Z 
extraction-accuracy	Checkout	2025-11-09T04:32:13.6762256Z   git switch -
extraction-accuracy	Checkout	2025-11-09T04:32:13.6763265Z 
extraction-accuracy	Checkout	2025-11-09T04:32:13.6763690Z Turn off this advice by setting config variable advice.detachedHead to false
extraction-accuracy	Checkout	2025-11-09T04:32:13.6764329Z 
extraction-accuracy	Checkout	2025-11-09T04:32:13.6765247Z HEAD is now at 65e68a3 ops: guard hardening â€” STRICT-on-tags requires v2â‰¥25; HINT-only on main/PR (#316)
extraction-accuracy	Checkout	2025-11-09T04:32:13.6797929Z ##[endgroup]
extraction-accuracy	Checkout	2025-11-09T04:32:13.6841715Z [command]/usr/bin/git log -1 --format=%H
extraction-accuracy	Checkout	2025-11-09T04:32:13.6865375Z 65e68a3678156c822d9834f03c7960a8d6c1a6d1
extraction-accuracy	Build real extraction graph (repo fixtures, hermetic)	ï»¿2025-11-09T04:32:13.7003532Z ##[group]Run set -euo pipefail
extraction-accuracy	Build real extraction graph (repo fixtures, hermetic)	2025-11-09T04:32:13.7003879Z [36;1mset -euo pipefail[0m
extraction-accuracy	Build real extraction graph (repo fixtures, hermetic)	2025-11-09T04:32:13.7004156Z [36;1mecho "::group::build-real-extraction(fixtures)"[0m
extraction-accuracy	Build real extraction graph (repo fixtures, hermetic)	2025-11-09T04:32:13.7004448Z [36;1mpython3 --version[0m
extraction-accuracy	Build real extraction graph (repo fixtures, hermetic)	2025-11-09T04:32:13.7004758Z [36;1mpython3 scripts/analytics/build_graph_from_repo_fixtures.py[0m
extraction-accuracy	Build real extraction graph (repo fixtures, hermetic)	2025-11-09T04:32:13.7005102Z [36;1mecho "::endgroup::"[0m
extraction-accuracy	Build real extraction graph (repo fixtures, hermetic)	2025-11-09T04:32:13.7005344Z [36;1mecho "::group::post-build-preflight"[0m
extraction-accuracy	Build real extraction graph (repo fixtures, hermetic)	2025-11-09T04:32:13.7005633Z [36;1mls -la exports || true[0m
extraction-accuracy	Build real extraction graph (repo fixtures, hermetic)	2025-11-09T04:32:13.7006087Z [36;1mtest -s exports/graph_latest.scored.json || { echo "::error::missing exports/graph_latest.scored.json"; exit 1; }[0m
extraction-accuracy	Build real extraction graph (repo fixtures, hermetic)	2025-11-09T04:32:13.7006570Z [36;1mecho "::endgroup::"[0m
extraction-accuracy	Build real extraction graph (repo fixtures, hermetic)	2025-11-09T04:32:13.7044633Z shell: /usr/bin/bash --noprofile --norc -e -o pipefail {0}
extraction-accuracy	Build real extraction graph (repo fixtures, hermetic)	2025-11-09T04:32:13.7044976Z env:
extraction-accuracy	Build real extraction graph (repo fixtures, hermetic)	2025-11-09T04:32:13.7045222Z   pythonLocation: /opt/hostedtoolcache/Python/3.11.14/x64
extraction-accuracy	Build real extraction graph (repo fixtures, hermetic)	2025-11-09T04:32:13.7045604Z   PKG_CONFIG_PATH: /opt/hostedtoolcache/Python/3.11.14/x64/lib/pkgconfig
extraction-accuracy	Build real extraction graph (repo fixtures, hermetic)	2025-11-09T04:32:13.7046043Z   Python_ROOT_DIR: /opt/hostedtoolcache/Python/3.11.14/x64
extraction-accuracy	Build real extraction graph (repo fixtures, hermetic)	2025-11-09T04:32:13.7046398Z   Python2_ROOT_DIR: /opt/hostedtoolcache/Python/3.11.14/x64
extraction-accuracy	Build real extraction graph (repo fixtures, hermetic)	2025-11-09T04:32:13.7046731Z   Python3_ROOT_DIR: /opt/hostedtoolcache/Python/3.11.14/x64
extraction-accuracy	Build real extraction graph (repo fixtures, hermetic)	2025-11-09T04:32:13.7047071Z   LD_LIBRARY_PATH: /opt/hostedtoolcache/Python/3.11.14/x64/lib
extraction-accuracy	Build real extraction graph (repo fixtures, hermetic)	2025-11-09T04:32:13.7047347Z ##[endgroup]
extraction-accuracy	Build real extraction graph (repo fixtures, hermetic)	2025-11-09T04:32:13.7120179Z ##[group]build-real-extraction(fixtures)
extraction-accuracy	Build real extraction graph (repo fixtures, hermetic)	2025-11-09T04:32:13.8178542Z Python 3.11.14
extraction-accuracy	Build real extraction graph (repo fixtures, hermetic)	2025-11-09T04:32:14.1038270Z [real-extract] wrote exports/graph_latest.scored.json (nodes=37)
extraction-accuracy	Build real extraction graph (repo fixtures, hermetic)	2025-11-09T04:32:14.1075431Z ##[endgroup]
extraction-accuracy	Build real extraction graph (repo fixtures, hermetic)	2025-11-09T04:32:14.1075913Z ##[group]post-build-preflight
extraction-accuracy	Build real extraction graph (repo fixtures, hermetic)	2025-11-09T04:32:14.1091321Z total 4868
extraction-accuracy	Build real extraction graph (repo fixtures, hermetic)	2025-11-09T04:32:14.1091717Z drwxr-xr-x  2 runner runner    4096 Nov  9 04:32 .
extraction-accuracy	Build real extraction graph (repo fixtures, hermetic)	2025-11-09T04:32:14.1092272Z drwxr-xr-x 34 runner runner    4096 Nov  9 04:32 ..
extraction-accuracy	Build real extraction graph (repo fixtures, hermetic)	2025-11-09T04:32:14.1092829Z -rw-r--r--  1 runner runner    8162 Nov  9 04:32 README.md
extraction-accuracy	Build real extraction graph (repo fixtures, hermetic)	2025-11-09T04:32:14.1093537Z -rw-r--r--  1 runner runner 3948235 Nov  9 04:32 ai_nouns.enriched.json
extraction-accuracy	Build real extraction graph (repo fixtures, hermetic)	2025-11-09T04:32:14.1094201Z -rw-r--r--  1 runner runner    1113 Nov  9 04:32 ai_nouns.json
extraction-accuracy	Build real extraction graph (repo fixtures, hermetic)	2025-11-09T04:32:14.1094849Z -rw-r--r--  1 runner runner    4955 Nov  9 04:32 ai_nouns_test.enriched.json
extraction-accuracy	Build real extraction graph (repo fixtures, hermetic)	2025-11-09T04:32:14.1095366Z -rw-r--r--  1 runner runner    2507 Nov  9 04:32 ai_nouns_test.json
extraction-accuracy	Build real extraction graph (repo fixtures, hermetic)	2025-11-09T04:32:14.1095876Z -rw-r--r--  1 runner runner    5513 Nov  9 04:32 ai_nouns_test.math_verified.json
extraction-accuracy	Build real extraction graph (repo fixtures, hermetic)	2025-11-09T04:32:14.1096680Z -rw-r--r--  1 runner runner   43156 Nov  9 04:32 ai_tracking.json
extraction-accuracy	Build real extraction graph (repo fixtures, hermetic)	2025-11-09T04:32:14.1097356Z -rw-r--r--  1 runner runner  678044 Nov  9 04:32 bible_nouns_genesis.json
extraction-accuracy	Build real extraction graph (repo fixtures, hermetic)	2025-11-09T04:32:14.1098166Z -rw-r--r--  1 runner runner     466 Nov  9 04:32 graph_correlation_network.json
extraction-accuracy	Build real extraction graph (repo fixtures, hermetic)	2025-11-09T04:32:14.1098643Z -rw-r--r--  1 runner runner     249 Nov  9 04:32 graph_correlations.json
extraction-accuracy	Build real extraction graph (repo fixtures, hermetic)	2025-11-09T04:32:14.1099284Z -rw-r--r--  1 runner runner     178 Nov  9 04:32 graph_latest.json
extraction-accuracy	Build real extraction graph (repo fixtures, hermetic)	2025-11-09T04:32:14.1099756Z -rw-r--r--  1 runner runner   11182 Nov  9 04:32 graph_latest.scored.json
extraction-accuracy	Build real extraction graph (repo fixtures, hermetic)	2025-11-09T04:32:14.1100208Z -rw-r--r--  1 runner runner     296 Nov  9 04:32 graph_patterns.json
extraction-accuracy	Build real extraction graph (repo fixtures, hermetic)	2025-11-09T04:32:14.1100637Z -rw-r--r--  1 runner runner   16340 Nov  9 04:32 graph_repaired.json
extraction-accuracy	Build real extraction graph (repo fixtures, hermetic)	2025-11-09T04:32:14.1101095Z -rw-r--r--  1 runner runner   16340 Nov  9 04:32 graph_repaired_20251025205829.json
extraction-accuracy	Build real extraction graph (repo fixtures, hermetic)	2025-11-09T04:32:14.1101569Z -rw-r--r--  1 runner runner    6158 Nov  9 04:32 graph_sanitized.json
extraction-accuracy	Build real extraction graph (repo fixtures, hermetic)	2025-11-09T04:32:14.1102026Z -rw-r--r--  1 runner runner    6158 Nov  9 04:32 graph_sanitized_20251025122752.json
extraction-accuracy	Build real extraction graph (repo fixtures, hermetic)	2025-11-09T04:32:14.1102484Z -rw-r--r--  1 runner runner     307 Nov  9 04:32 graph_stats.json
extraction-accuracy	Build real extraction graph (repo fixtures, hermetic)	2025-11-09T04:32:14.1102914Z -rw-r--r--  1 runner runner     433 Nov  9 04:32 pattern_forecast.json
extraction-accuracy	Build real extraction graph (repo fixtures, hermetic)	2025-11-09T04:32:14.1103348Z -rw-r--r--  1 runner runner     280 Nov  9 04:32 temporal_patterns.json
extraction-accuracy	Build real extraction graph (repo fixtures, hermetic)	2025-11-09T04:32:14.1103803Z -rw-r--r--  1 runner runner  176744 Nov  9 04:32 unified_envelope_1000.json
extraction-accuracy	Build real extraction graph (repo fixtures, hermetic)	2025-11-09T04:32:14.1104603Z ##[endgroup]
extraction-accuracy	Guard extraction accuracy STRICT	ï»¿2025-11-09T04:32:14.1198786Z ##[group]Run mkdir -p evidence
extraction-accuracy	Guard extraction accuracy STRICT	2025-11-09T04:32:14.1199262Z [36;1mmkdir -p evidence[0m
extraction-accuracy	Guard extraction accuracy STRICT	2025-11-09T04:32:14.1199560Z [36;1mpython3 scripts/guards/guard_extraction_accuracy.py[0m
extraction-accuracy	Guard extraction accuracy STRICT	2025-11-09T04:32:14.1199960Z [36;1mtest "$(jq -r '.ok' evidence/guard_extraction_accuracy.json)" = "true"[0m
extraction-accuracy	Guard extraction accuracy STRICT	2025-11-09T04:32:14.1233583Z shell: /usr/bin/bash -e {0}
extraction-accuracy	Guard extraction accuracy STRICT	2025-11-09T04:32:14.1233811Z env:
extraction-accuracy	Guard extraction accuracy STRICT	2025-11-09T04:32:14.1234050Z   pythonLocation: /opt/hostedtoolcache/Python/3.11.14/x64
extraction-accuracy	Guard extraction accuracy STRICT	2025-11-09T04:32:14.1234438Z   PKG_CONFIG_PATH: /opt/hostedtoolcache/Python/3.11.14/x64/lib/pkgconfig
extraction-accuracy	Guard extraction accuracy STRICT	2025-11-09T04:32:14.1234817Z   Python_ROOT_DIR: /opt/hostedtoolcache/Python/3.11.14/x64
extraction-accuracy	Guard extraction accuracy STRICT	2025-11-09T04:32:14.1235142Z   Python2_ROOT_DIR: /opt/hostedtoolcache/Python/3.11.14/x64
extraction-accuracy	Guard extraction accuracy STRICT	2025-11-09T04:32:14.1235478Z   Python3_ROOT_DIR: /opt/hostedtoolcache/Python/3.11.14/x64
extraction-accuracy	Guard extraction accuracy STRICT	2025-11-09T04:32:14.1235810Z   LD_LIBRARY_PATH: /opt/hostedtoolcache/Python/3.11.14/x64/lib
extraction-accuracy	Guard extraction accuracy STRICT	2025-11-09T04:32:14.1236116Z   STRICT_EXTRACTION_ACCURACY: 1
extraction-accuracy	Guard extraction accuracy STRICT	2025-11-09T04:32:14.1236330Z ##[endgroup]
extraction-accuracy	Guard extraction accuracy STRICT	2025-11-09T04:32:14.1506981Z HINT: extraction_accuracy: using truth=v2 file=tests/truth/extraction_accuracy.v2.json
extraction-accuracy	Guard extraction accuracy STRICT	2025-11-09T04:32:14.1513154Z {"schema": "guard.extraction-accuracy.v1", "generated_at": "2025-11-09T04:32:14Z", "mode": "STRICT", "source": {"mode": "file_first", "input": "exports/graph_latest.scored.json"}, "fixture_missing": false, "ok": true, "totals": {"cases": 0, "correct": 0}, "details": []}
extraction-accuracy	Upload guard evidence artifact	ï»¿2025-11-09T04:32:14.1707679Z ##[group]Run actions/upload-artifact@v4
extraction-accuracy	Upload guard evidence artifact	2025-11-09T04:32:14.1707960Z with:
extraction-accuracy	Upload guard evidence artifact	2025-11-09T04:32:14.1708134Z   name: guard_extraction_accuracy
extraction-accuracy	Upload guard evidence artifact	2025-11-09T04:32:14.1708556Z   path: evidence/guard_extraction_accuracy.json
extraction-accuracy	Upload guard evidence artifact	evidence/guard_extraction_accuracy.stdout.log
extraction-accuracy	Upload guard evidence artifact	
extraction-accuracy	Upload guard evidence artifact	2025-11-09T04:32:14.1709271Z   if-no-files-found: warn
extraction-accuracy	Upload guard evidence artifact	2025-11-09T04:32:14.1709487Z   retention-days: 7
extraction-accuracy	Upload guard evidence artifact	2025-11-09T04:32:14.1709673Z   compression-level: 6
extraction-accuracy	Upload guard evidence artifact	2025-11-09T04:32:14.1709854Z   overwrite: false
extraction-accuracy	Upload guard evidence artifact	2025-11-09T04:32:14.1710042Z   include-hidden-files: false
extraction-accuracy	Upload guard evidence artifact	2025-11-09T04:32:14.1710240Z env:
extraction-accuracy	Upload guard evidence artifact	2025-11-09T04:32:14.1710475Z   pythonLocation: /opt/hostedtoolcache/Python/3.11.14/x64
extraction-accuracy	Upload guard evidence artifact	2025-11-09T04:32:14.1710861Z   PKG_CONFIG_PATH: /opt/hostedtoolcache/Python/3.11.14/x64/lib/pkgconfig
extraction-accuracy	Upload guard evidence artifact	2025-11-09T04:32:14.1711244Z   Python_ROOT_DIR: /opt/hostedtoolcache/Python/3.11.14/x64
extraction-accuracy	Upload guard evidence artifact	2025-11-09T04:32:14.1711586Z   Python2_ROOT_DIR: /opt/hostedtoolcache/Python/3.11.14/x64
extraction-accuracy	Upload guard evidence artifact	2025-11-09T04:32:14.1711928Z   Python3_ROOT_DIR: /opt/hostedtoolcache/Python/3.11.14/x64
extraction-accuracy	Upload guard evidence artifact	2025-11-09T04:32:14.1712299Z   LD_LIBRARY_PATH: /opt/hostedtoolcache/Python/3.11.14/x64/lib
extraction-accuracy	Upload guard evidence artifact	2025-11-09T04:32:14.1712577Z ##[endgroup]
extraction-accuracy	Upload guard evidence artifact	2025-11-09T04:32:14.3827215Z Multiple search paths detected. Calculating the least common ancestor of all paths
extraction-accuracy	Upload guard evidence artifact	2025-11-09T04:32:14.3832165Z The least common ancestor is /home/runner/work/Gemantria/Gemantria/evidence. This will be the root directory of the artifact
extraction-accuracy	Upload guard evidence artifact	2025-11-09T04:32:14.3833306Z With the provided path, there will be 1 file uploaded
extraction-accuracy	Upload guard evidence artifact	2025-11-09T04:32:14.3835743Z Artifact name is valid!
extraction-accuracy	Upload guard evidence artifact	2025-11-09T04:32:14.3837551Z Root directory input is valid!
extraction-accuracy	Upload guard evidence artifact	2025-11-09T04:32:14.5262776Z Beginning upload of artifact content to blob storage
extraction-accuracy	Upload guard evidence artifact	2025-11-09T04:32:14.6634840Z Uploaded bytes 386
extraction-accuracy	Upload guard evidence artifact	2025-11-09T04:32:14.7037021Z Finished uploading artifact content to blob storage!
extraction-accuracy	Upload guard evidence artifact	2025-11-09T04:32:14.7040828Z SHA256 digest of uploaded artifact zip is 04d18642b3e7969db274b5d8151056764d9c676d9ee1a155f53a571be98a1a02
extraction-accuracy	Upload guard evidence artifact	2025-11-09T04:32:14.7042723Z Finalizing artifact upload
extraction-accuracy	Upload guard evidence artifact	2025-11-09T04:32:14.7999890Z Artifact guard_extraction_accuracy.zip successfully finalized. Artifact ID 4510378574
extraction-accuracy	Upload guard evidence artifact	2025-11-09T04:32:14.8001655Z Artifact guard_extraction_accuracy has been successfully uploaded! Final size is 386 bytes. Artifact ID is 4510378574
extraction-accuracy	Upload guard evidence artifact	2025-11-09T04:32:14.8008837Z Artifact download URL: https://github.com/iog-creator/Gemantria/actions/runs/19203390058/artifacts/4510378574
extraction-accuracy	Post Checkout	ï»¿2025-11-09T04:32:14.8168593Z Post job cleanup.
extraction-accuracy	Post Checkout	2025-11-09T04:32:14.9100789Z [command]/usr/bin/git version
extraction-accuracy	Post Checkout	2025-11-09T04:32:14.9136574Z git version 2.51.2
extraction-accuracy	Post Checkout	2025-11-09T04:32:14.9179897Z Temporarily overriding HOME='/home/runner/work/_temp/4dcc2bae-c14a-41d5-9e3f-6197b3bc1387' before making global git config changes
extraction-accuracy	Post Checkout	2025-11-09T04:32:14.9181208Z Adding repository directory to the temporary git global config as a safe directory
extraction-accuracy	Post Checkout	2025-11-09T04:32:14.9192899Z [command]/usr/bin/git config --global --add safe.directory /home/runner/work/Gemantria/Gemantria
extraction-accuracy	Post Checkout	2025-11-09T04:32:14.9226868Z [command]/usr/bin/git config --local --name-only --get-regexp core\.sshCommand
extraction-accuracy	Post Checkout	2025-11-09T04:32:14.9258493Z [command]/usr/bin/git submodule foreach --recursive sh -c "git config --local --name-only --get-regexp 'core\.sshCommand' && git config --local --unset-all 'core.sshCommand' || :"
extraction-accuracy	Post Checkout	2025-11-09T04:32:14.9536066Z [command]/usr/bin/git config --local --name-only --get-regexp http\.https\:\/\/github\.com\/\.extraheader
extraction-accuracy	Post Checkout	2025-11-09T04:32:14.9556575Z http.https://github.com/.extraheader
extraction-accuracy	Post Checkout	2025-11-09T04:32:14.9569160Z [command]/usr/bin/git config --local --unset-all http.https://github.com/.extraheader
extraction-accuracy	Post Checkout	2025-11-09T04:32:14.9599270Z [command]/usr/bin/git submodule foreach --recursive sh -c "git config --local --name-only --get-regexp 'http\.https\:\/\/github\.com\/\.extraheader' && git config --local --unset-all 'http.https://github.com/.extraheader' || :"
extraction-accuracy	Post Setup Python	ï»¿2025-11-09T04:32:14.9947314Z Post job cleanup.
extraction-accuracy	Complete job	ï»¿2025-11-09T04:32:15.1511768Z Cleaning up orphan processes
